
> @durable-streams/client@0.2.7 typecheck /tmp/durable-checkpoint-typecheck-baseline/packages/client
> tsc --noEmit

test/asyncIterableReadableStream.test.ts(591,24): error TS2684: The 'this' context of type '(() => AsyncIterator<number, any, any> & AsyncIterable<number>) | undefined' is not assignable to method's 'this' of type '(this: ReadableStreamAsyncIterable<number>) => AsyncIterator<number, any, any> & AsyncIterable<number>'.
  Type 'undefined' is not assignable to type '(this: ReadableStreamAsyncIterable<number>) => AsyncIterator<number, any, any> & AsyncIterable<number>'.
test/asyncIterableReadableStream.test.ts(591,24): error TS18048: 'valuesMethod' is possibly 'undefined'.
test/asyncIterableReadableStream.test.ts(634,30): error TS2345: Argument of type 'string' is not assignable to parameter of type 'PromiseLike<undefined>'.
test/asyncIterableReadableStream.test.ts(657,53): error TS2345: Argument of type 'string' is not assignable to parameter of type 'PromiseLike<undefined>'.
test/backoff-integration.test.ts(35,9): error TS2322: Type 'Mock<Procedure | Constructable>' is not assignable to type '{ (input: RequestInfo | URL, init?: RequestInit | undefined): Promise<Response>; (input: string | Request | URL, init?: RequestInit | undefined): Promise<Response>; } | undefined'.
  Type 'MockInstance<Procedure | Constructable> & (new (...args: any[]) => any) & {}' is not assignable to type '{ (input: RequestInfo | URL, init?: RequestInit | undefined): Promise<Response>; (input: string | Request | URL, init?: RequestInit | undefined): Promise<Response>; } | undefined'.
test/backoff-integration.test.ts(62,9): error TS2322: Type 'Mock<Procedure | Constructable>' is not assignable to type '{ (input: RequestInfo | URL, init?: RequestInit | undefined): Promise<Response>; (input: string | Request | URL, init?: RequestInit | undefined): Promise<Response>; } | undefined'.
  Type 'MockInstance<Procedure | Constructable> & (new (...args: any[]) => any) & {}' is not assignable to type '{ (input: RequestInfo | URL, init?: RequestInit | undefined): Promise<Response>; (input: string | Request | URL, init?: RequestInit | undefined): Promise<Response>; } | undefined'.
test/backoff-integration.test.ts(92,9): error TS2322: Type 'Mock<Procedure | Constructable>' is not assignable to type '{ (input: RequestInfo | URL, init?: RequestInit | undefined): Promise<Response>; (input: string | Request | URL, init?: RequestInit | undefined): Promise<Response>; } | undefined'.
  Type 'MockInstance<Procedure | Constructable> & (new (...args: any[]) => any) & {}' is not assignable to type '{ (input: RequestInfo | URL, init?: RequestInit | undefined): Promise<Response>; (input: string | Request | URL, init?: RequestInit | undefined): Promise<Response>; } | undefined'.
test/backoff-integration.test.ts(123,9): error TS2322: Type 'Mock<Procedure | Constructable>' is not assignable to type '{ (input: RequestInfo | URL, init?: RequestInit | undefined): Promise<Response>; (input: string | Request | URL, init?: RequestInit | undefined): Promise<Response>; } | undefined'.
  Type 'MockInstance<Procedure | Constructable> & (new (...args: any[]) => any) & {}' is not assignable to type '{ (input: RequestInfo | URL, init?: RequestInit | undefined): Promise<Response>; (input: string | Request | URL, init?: RequestInit | undefined): Promise<Response>; } | undefined'.
test/backoff-integration.test.ts(151,7): error TS2322: Type 'Mock<Procedure | Constructable>' is not assignable to type '{ (input: RequestInfo | URL, init?: RequestInit | undefined): Promise<Response>; (input: string | Request | URL, init?: RequestInit | undefined): Promise<Response>; } | undefined'.
  Type 'MockInstance<Procedure | Constructable> & (new (...args: any[]) => any) & {}' is not assignable to type '{ (input: RequestInfo | URL, init?: RequestInit | undefined): Promise<Response>; (input: string | Request | URL, init?: RequestInit | undefined): Promise<Response>; } | undefined'.
test/backoff-integration.test.ts(177,9): error TS2322: Type 'Mock<Procedure | Constructable>' is not assignable to type '{ (input: RequestInfo | URL, init?: RequestInit | undefined): Promise<Response>; (input: string | Request | URL, init?: RequestInit | undefined): Promise<Response>; } | undefined'.
  Type 'MockInstance<Procedure | Constructable> & (new (...args: any[]) => any) & {}' is not assignable to type '{ (input: RequestInfo | URL, init?: RequestInit | undefined): Promise<Response>; (input: string | Request | URL, init?: RequestInit | undefined): Promise<Response>; } | undefined'.
test/backoff-integration.test.ts(221,7): error TS2322: Type 'Mock<Procedure | Constructable>' is not assignable to type '{ (input: RequestInfo | URL, init?: RequestInit | undefined): Promise<Response>; (input: string | Request | URL, init?: RequestInit | undefined): Promise<Response>; } | undefined'.
  Type 'MockInstance<Procedure | Constructable> & (new (...args: any[]) => any) & {}' is not assignable to type '{ (input: RequestInfo | URL, init?: RequestInit | undefined): Promise<Response>; (input: string | Request | URL, init?: RequestInit | undefined): Promise<Response>; } | undefined'.
test/backoff-integration.test.ts(265,7): error TS2322: Type 'Mock<Procedure | Constructable>' is not assignable to type '{ (input: RequestInfo | URL, init?: RequestInit | undefined): Promise<Response>; (input: string | Request | URL, init?: RequestInit | undefined): Promise<Response>; } | undefined'.
  Type 'MockInstance<Procedure | Constructable> & (new (...args: any[]) => any) & {}' is not assignable to type '{ (input: RequestInfo | URL, init?: RequestInit | undefined): Promise<Response>; (input: string | Request | URL, init?: RequestInit | undefined): Promise<Response>; } | undefined'.
test/backoff-integration.test.ts(294,9): error TS2322: Type 'Mock<Procedure | Constructable>' is not assignable to type '{ (input: RequestInfo | URL, init?: RequestInit | undefined): Promise<Response>; (input: string | Request | URL, init?: RequestInit | undefined): Promise<Response>; } | undefined'.
  Type 'MockInstance<Procedure | Constructable> & (new (...args: any[]) => any) & {}' is not assignable to type '{ (input: RequestInfo | URL, init?: RequestInit | undefined): Promise<Response>; (input: string | Request | URL, init?: RequestInit | undefined): Promise<Response>; } | undefined'.
test/headers-params-functions.test.ts(32,9): error TS2322: Type 'Mock<Procedure | Constructable>' is not assignable to type '{ (input: RequestInfo | URL, init?: RequestInit | undefined): Promise<Response>; (input: string | Request | URL, init?: RequestInit | undefined): Promise<Response>; } | undefined'.
  Type 'MockInstance<Procedure | Constructable> & (new (...args: any[]) => any) & {}' is not assignable to type '{ (input: RequestInfo | URL, init?: RequestInit | undefined): Promise<Response>; (input: string | Request | URL, init?: RequestInit | undefined): Promise<Response>; } | undefined'.
test/headers-params-functions.test.ts(39,14): error TS2532: Object is possibly 'undefined'.
test/headers-params-functions.test.ts(49,9): error TS2322: Type 'Mock<Procedure | Constructable>' is not assignable to type '{ (input: RequestInfo | URL, init?: RequestInit | undefined): Promise<Response>; (input: string | Request | URL, init?: RequestInit | undefined): Promise<Response>; } | undefined'.
  Type 'MockInstance<Procedure | Constructable> & (new (...args: any[]) => any) & {}' is not assignable to type '{ (input: RequestInfo | URL, init?: RequestInit | undefined): Promise<Response>; (input: string | Request | URL, init?: RequestInit | undefined): Promise<Response>; } | undefined'.
test/headers-params-functions.test.ts(56,14): error TS2532: Object is possibly 'undefined'.
test/headers-params-functions.test.ts(67,9): error TS2322: Type 'Mock<Procedure | Constructable>' is not assignable to type '{ (input: RequestInfo | URL, init?: RequestInit | undefined): Promise<Response>; (input: string | Request | URL, init?: RequestInit | undefined): Promise<Response>; } | undefined'.
  Type 'MockInstance<Procedure | Constructable> & (new (...args: any[]) => any) & {}' is not assignable to type '{ (input: RequestInfo | URL, init?: RequestInit | undefined): Promise<Response>; (input: string | Request | URL, init?: RequestInit | undefined): Promise<Response>; } | undefined'.
test/headers-params-functions.test.ts(76,14): error TS2532: Object is possibly 'undefined'.
test/headers-params-functions.test.ts(87,9): error TS2322: Type 'Mock<Procedure | Constructable>' is not assignable to type '{ (input: RequestInfo | URL, init?: RequestInit | undefined): Promise<Response>; (input: string | Request | URL, init?: RequestInit | undefined): Promise<Response>; } | undefined'.
  Type 'MockInstance<Procedure | Constructable> & (new (...args: any[]) => any) & {}' is not assignable to type '{ (input: RequestInfo | URL, init?: RequestInit | undefined): Promise<Response>; (input: string | Request | URL, init?: RequestInit | undefined): Promise<Response>; } | undefined'.
test/headers-params-functions.test.ts(95,14): error TS2532: Object is possibly 'undefined'.
test/headers-params-functions.test.ts(108,9): error TS2322: Type 'Mock<Procedure | Constructable>' is not assignable to type '{ (input: RequestInfo | URL, init?: RequestInit | undefined): Promise<Response>; (input: string | Request | URL, init?: RequestInit | undefined): Promise<Response>; } | undefined'.
  Type 'MockInstance<Procedure | Constructable> & (new (...args: any[]) => any) & {}' is not assignable to type '{ (input: RequestInfo | URL, init?: RequestInit | undefined): Promise<Response>; (input: string | Request | URL, init?: RequestInit | undefined): Promise<Response>; } | undefined'.
test/headers-params-functions.test.ts(115,27): error TS2532: Object is possibly 'undefined'.
test/headers-params-functions.test.ts(124,9): error TS2322: Type 'Mock<Procedure | Constructable>' is not assignable to type '{ (input: RequestInfo | URL, init?: RequestInit | undefined): Promise<Response>; (input: string | Request | URL, init?: RequestInit | undefined): Promise<Response>; } | undefined'.
  Type 'MockInstance<Procedure | Constructable> & (new (...args: any[]) => any) & {}' is not assignable to type '{ (input: RequestInfo | URL, init?: RequestInit | undefined): Promise<Response>; (input: string | Request | URL, init?: RequestInit | undefined): Promise<Response>; } | undefined'.
test/headers-params-functions.test.ts(131,27): error TS2532: Object is possibly 'undefined'.
test/headers-params-functions.test.ts(141,9): error TS2322: Type 'Mock<Procedure | Constructable>' is not assignable to type '{ (input: RequestInfo | URL, init?: RequestInit | undefined): Promise<Response>; (input: string | Request | URL, init?: RequestInit | undefined): Promise<Response>; } | undefined'.
  Type 'MockInstance<Procedure | Constructable> & (new (...args: any[]) => any) & {}' is not assignable to type '{ (input: RequestInfo | URL, init?: RequestInit | undefined): Promise<Response>; (input: string | Request | URL, init?: RequestInit | undefined): Promise<Response>; } | undefined'.
test/headers-params-functions.test.ts(150,27): error TS2532: Object is possibly 'undefined'.
test/headers-params-functions.test.ts(160,9): error TS2322: Type 'Mock<Procedure | Constructable>' is not assignable to type '{ (input: RequestInfo | URL, init?: RequestInit | undefined): Promise<Response>; (input: string | Request | URL, init?: RequestInit | undefined): Promise<Response>; } | undefined'.
  Type 'MockInstance<Procedure | Constructable> & (new (...args: any[]) => any) & {}' is not assignable to type '{ (input: RequestInfo | URL, init?: RequestInit | undefined): Promise<Response>; (input: string | Request | URL, init?: RequestInit | undefined): Promise<Response>; } | undefined'.
test/headers-params-functions.test.ts(168,27): error TS2532: Object is possibly 'undefined'.
test/headers-params-functions.test.ts(178,9): error TS2322: Type 'Mock<Procedure | Constructable>' is not assignable to type '{ (input: RequestInfo | URL, init?: RequestInit | undefined): Promise<Response>; (input: string | Request | URL, init?: RequestInit | undefined): Promise<Response>; } | undefined'.
  Type 'MockInstance<Procedure | Constructable> & (new (...args: any[]) => any) & {}' is not assignable to type '{ (input: RequestInfo | URL, init?: RequestInit | undefined): Promise<Response>; (input: string | Request | URL, init?: RequestInit | undefined): Promise<Response>; } | undefined'.
test/headers-params-functions.test.ts(191,23): error TS2532: Object is possibly 'undefined'.
test/headers-params-functions.test.ts(201,9): error TS2322: Type 'Mock<Procedure | Constructable>' is not assignable to type '{ (input: RequestInfo | URL, init?: RequestInit | undefined): Promise<Response>; (input: string | Request | URL, init?: RequestInit | undefined): Promise<Response>; } | undefined'.
  Type 'MockInstance<Procedure | Constructable> & (new (...args: any[]) => any) & {}' is not assignable to type '{ (input: RequestInfo | URL, init?: RequestInit | undefined): Promise<Response>; (input: string | Request | URL, init?: RequestInit | undefined): Promise<Response>; } | undefined'.
test/headers-params-functions.test.ts(214,23): error TS2532: Object is possibly 'undefined'.
test/headers-params-functions.test.ts(221,9): error TS2322: Type 'Mock<Procedure | Constructable>' is not assignable to type '{ (input: RequestInfo | URL, init?: RequestInit | undefined): Promise<Response>; (input: string | Request | URL, init?: RequestInit | undefined): Promise<Response>; } | undefined'.
  Type 'MockInstance<Procedure | Constructable> & (new (...args: any[]) => any) & {}' is not assignable to type '{ (input: RequestInfo | URL, init?: RequestInit | undefined): Promise<Response>; (input: string | Request | URL, init?: RequestInit | undefined): Promise<Response>; } | undefined'.
test/headers-params-functions.test.ts(234,27): error TS2532: Object is possibly 'undefined'.
test/headers-params-functions.test.ts(242,9): error TS2322: Type 'Mock<Procedure | Constructable>' is not assignable to type '{ (input: RequestInfo | URL, init?: RequestInit | undefined): Promise<Response>; (input: string | Request | URL, init?: RequestInit | undefined): Promise<Response>; } | undefined'.
  Type 'MockInstance<Procedure | Constructable> & (new (...args: any[]) => any) & {}' is not assignable to type '{ (input: RequestInfo | URL, init?: RequestInit | undefined): Promise<Response>; (input: string | Request | URL, init?: RequestInit | undefined): Promise<Response>; } | undefined'.
test/headers-params-functions.test.ts(255,27): error TS2532: Object is possibly 'undefined'.
test/headers-params-functions.test.ts(264,9): error TS2322: Type 'Mock<Procedure | Constructable>' is not assignable to type '{ (input: RequestInfo | URL, init?: RequestInit | undefined): Promise<Response>; (input: string | Request | URL, init?: RequestInit | undefined): Promise<Response>; } | undefined'.
  Type 'MockInstance<Procedure | Constructable> & (new (...args: any[]) => any) & {}' is not assignable to type '{ (input: RequestInfo | URL, init?: RequestInit | undefined): Promise<Response>; (input: string | Request | URL, init?: RequestInit | undefined): Promise<Response>; } | undefined'.
test/headers-params-functions.test.ts(273,14): error TS2532: Object is possibly 'undefined'.
test/headers-params-functions.test.ts(283,9): error TS2322: Type 'Mock<Procedure | Constructable>' is not assignable to type '{ (input: RequestInfo | URL, init?: RequestInit | undefined): Promise<Response>; (input: string | Request | URL, init?: RequestInit | undefined): Promise<Response>; } | undefined'.
  Type 'MockInstance<Procedure | Constructable> & (new (...args: any[]) => any) & {}' is not assignable to type '{ (input: RequestInfo | URL, init?: RequestInit | undefined): Promise<Response>; (input: string | Request | URL, init?: RequestInit | undefined): Promise<Response>; } | undefined'.
test/headers-params-functions.test.ts(292,27): error TS2532: Object is possibly 'undefined'.
test/headers-params-functions.test.ts(304,9): error TS2322: Type 'Mock<Procedure | Constructable>' is not assignable to type '{ (input: RequestInfo | URL, init?: RequestInit | undefined): Promise<Response>; (input: string | Request | URL, init?: RequestInit | undefined): Promise<Response>; } | undefined'.
  Type 'MockInstance<Procedure | Constructable> & (new (...args: any[]) => any) & {}' is not assignable to type '{ (input: RequestInfo | URL, init?: RequestInit | undefined): Promise<Response>; (input: string | Request | URL, init?: RequestInit | undefined): Promise<Response>; } | undefined'.
test/headers-params-functions.test.ts(316,14): error TS2532: Object is possibly 'undefined'.
test/headers-params-functions.test.ts(320,27): error TS2532: Object is possibly 'undefined'.
test/headers-params-functions.test.ts(484,9): error TS2322: Type 'Mock<Procedure | Constructable>' is not assignable to type '{ (input: RequestInfo | URL, init?: RequestInit | undefined): Promise<Response>; (input: string | Request | URL, init?: RequestInit | undefined): Promise<Response>; } | undefined'.
  Type 'MockInstance<Procedure | Constructable> & (new (...args: any[]) => any) & {}' is not assignable to type '{ (input: RequestInfo | URL, init?: RequestInit | undefined): Promise<Response>; (input: string | Request | URL, init?: RequestInit | undefined): Promise<Response>; } | undefined'.
test/headers-params-functions.test.ts(508,14): error TS2532: Object is possibly 'undefined'.
test/headers-params-functions.test.ts(511,14): error TS2532: Object is possibly 'undefined'.
test/headers-params-functions.test.ts(515,14): error TS2532: Object is possibly 'undefined'.
test/headers-params-functions.test.ts(516,9): error TS2532: Object is possibly 'undefined'.
test/headers-params-functions.test.ts(553,9): error TS2322: Type 'Mock<Procedure | Constructable>' is not assignable to type '{ (input: RequestInfo | URL, init?: RequestInit | undefined): Promise<Response>; (input: string | Request | URL, init?: RequestInit | undefined): Promise<Response>; } | undefined'.
  Type 'MockInstance<Procedure | Constructable> & (new (...args: any[]) => any) & {}' is not assignable to type '{ (input: RequestInfo | URL, init?: RequestInit | undefined): Promise<Response>; (input: string | Request | URL, init?: RequestInit | undefined): Promise<Response>; } | undefined'.
test/headers-params-functions.test.ts(578,28): error TS2532: Object is possibly 'undefined'.
test/headers-params-functions.test.ts(579,28): error TS2532: Object is possibly 'undefined'.
test/headers-params-functions.test.ts(638,9): error TS2322: Type 'Mock<Procedure | Constructable>' is not assignable to type '{ (input: RequestInfo | URL, init?: RequestInit | undefined): Promise<Response>; (input: string | Request | URL, init?: RequestInit | undefined): Promise<Response>; } | undefined'.
  Type 'MockInstance<Procedure | Constructable> & (new (...args: any[]) => any) & {}' is not assignable to type '{ (input: RequestInfo | URL, init?: RequestInit | undefined): Promise<Response>; (input: string | Request | URL, init?: RequestInit | undefined): Promise<Response>; } | undefined'.
test/headers-params-functions.test.ts(671,24): error TS2532: Object is possibly 'undefined'.
test/headers-params-functions.test.ts(672,29): error TS2532: Object is possibly 'undefined'.
test/http-warning.test.ts(54,9): error TS2322: Type 'Mock<Procedure | Constructable>' is not assignable to type '{ (...data: any[]): void; (message?: any, ...optionalParams: any[]): void; }'.
  Type 'MockInstance<Procedure | Constructable> & (new (...args: any[]) => any) & {}' is not assignable to type '{ (...data: any[]): void; (message?: any, ...optionalParams: any[]): void; }'.
    Type 'MockInstance<Procedure | Constructable> & (new (...args: any[]) => any) & {}' provides no match for the signature '(...data: any[]): void'.
test/http-warning.test.ts(133,9): error TS2322: Type 'Mock<Procedure | Constructable>' is not assignable to type '{ (...data: any[]): void; (message?: any, ...optionalParams: any[]): void; }'.
  Type 'MockInstance<Procedure | Constructable> & (new (...args: any[]) => any) & {}' is not assignable to type '{ (...data: any[]): void; (message?: any, ...optionalParams: any[]): void; }'.
    Type 'MockInstance<Procedure | Constructable> & (new (...args: any[]) => any) & {}' provides no match for the signature '(...data: any[]): void'.
test/http-warning.test.ts(152,9): error TS2322: Type 'Mock<Procedure | Constructable>' is not assignable to type '{ (...data: any[]): void; (message?: any, ...optionalParams: any[]): void; }'.
  Type 'MockInstance<Procedure | Constructable> & (new (...args: any[]) => any) & {}' is not assignable to type '{ (...data: any[]): void; (message?: any, ...optionalParams: any[]): void; }'.
    Type 'MockInstance<Procedure | Constructable> & (new (...args: any[]) => any) & {}' provides no match for the signature '(...data: any[]): void'.
test/http-warning.test.ts(186,9): error TS2322: Type 'Mock<Procedure | Constructable>' is not assignable to type '{ (...data: any[]): void; (message?: any, ...optionalParams: any[]): void; }'.
  Type 'MockInstance<Procedure | Constructable> & (new (...args: any[]) => any) & {}' is not assignable to type '{ (...data: any[]): void; (message?: any, ...optionalParams: any[]): void; }'.
    Type 'MockInstance<Procedure | Constructable> & (new (...args: any[]) => any) & {}' provides no match for the signature '(...data: any[]): void'.
test/http-warning.test.ts(237,9): error TS2322: Type 'Mock<Procedure | Constructable>' is not assignable to type '{ (...data: any[]): void; (message?: any, ...optionalParams: any[]): void; }'.
  Type 'MockInstance<Procedure | Constructable> & (new (...args: any[]) => any) & {}' is not assignable to type '{ (...data: any[]): void; (message?: any, ...optionalParams: any[]): void; }'.
    Type 'MockInstance<Procedure | Constructable> & (new (...args: any[]) => any) & {}' provides no match for the signature '(...data: any[]): void'.
test/http-warning.test.ts(292,9): error TS2322: Type 'Mock<Procedure | Constructable>' is not assignable to type '{ (...data: any[]): void; (message?: any, ...optionalParams: any[]): void; }'.
  Type 'MockInstance<Procedure | Constructable> & (new (...args: any[]) => any) & {}' is not assignable to type '{ (...data: any[]): void; (message?: any, ...optionalParams: any[]): void; }'.
    Type 'MockInstance<Procedure | Constructable> & (new (...args: any[]) => any) & {}' provides no match for the signature '(...data: any[]): void'.
test/onError.test.ts(39,7): error TS2322: Type 'Mock<Procedure | Constructable>' is not assignable to type '{ (input: RequestInfo | URL, init?: RequestInit | undefined): Promise<Response>; (input: string | Request | URL, init?: RequestInit | undefined): Promise<Response>; } | undefined'.
  Type 'MockInstance<Procedure | Constructable> & (new (...args: any[]) => any) & {}' is not assignable to type '{ (input: RequestInfo | URL, init?: RequestInit | undefined): Promise<Response>; (input: string | Request | URL, init?: RequestInit | undefined): Promise<Response>; } | undefined'.
test/onError.test.ts(41,7): error TS2739: Type '{ maxRetries: number; }' is missing the following properties from type 'BackoffOptions': initialDelay, maxDelay, multiplier
test/onError.test.ts(75,7): error TS2322: Type 'Mock<Procedure | Constructable>' is not assignable to type '{ (input: RequestInfo | URL, init?: RequestInit | undefined): Promise<Response>; (input: string | Request | URL, init?: RequestInit | undefined): Promise<Response>; } | undefined'.
  Type 'MockInstance<Procedure | Constructable> & (new (...args: any[]) => any) & {}' is not assignable to type '{ (input: RequestInfo | URL, init?: RequestInit | undefined): Promise<Response>; (input: string | Request | URL, init?: RequestInit | undefined): Promise<Response>; } | undefined'.
test/onError.test.ts(77,7): error TS2739: Type '{ maxRetries: number; }' is missing the following properties from type 'BackoffOptions': initialDelay, maxDelay, multiplier
test/onError.test.ts(86,12): error TS18048: 'secondCall' is possibly 'undefined'.
test/onError.test.ts(115,7): error TS2322: Type 'Mock<Procedure | Constructable>' is not assignable to type '{ (input: RequestInfo | URL, init?: RequestInit | undefined): Promise<Response>; (input: string | Request | URL, init?: RequestInit | undefined): Promise<Response>; } | undefined'.
  Type 'MockInstance<Procedure | Constructable> & (new (...args: any[]) => any) & {}' is not assignable to type '{ (input: RequestInfo | URL, init?: RequestInit | undefined): Promise<Response>; (input: string | Request | URL, init?: RequestInit | undefined): Promise<Response>; } | undefined'.
test/onError.test.ts(117,7): error TS2739: Type '{ maxRetries: number; }' is missing the following properties from type 'BackoffOptions': initialDelay, maxDelay, multiplier
test/onError.test.ts(125,30): error TS2532: Object is possibly 'undefined'.
test/onError.test.ts(126,31): error TS2532: Object is possibly 'undefined'.
test/onError.test.ts(155,7): error TS2322: Type 'Mock<Procedure | Constructable>' is not assignable to type '{ (input: RequestInfo | URL, init?: RequestInit | undefined): Promise<Response>; (input: string | Request | URL, init?: RequestInit | undefined): Promise<Response>; } | undefined'.
  Type 'MockInstance<Procedure | Constructable> & (new (...args: any[]) => any) & {}' is not assignable to type '{ (input: RequestInfo | URL, init?: RequestInit | undefined): Promise<Response>; (input: string | Request | URL, init?: RequestInit | undefined): Promise<Response>; } | undefined'.
test/onError.test.ts(158,7): error TS2739: Type '{ maxRetries: number; }' is missing the following properties from type 'BackoffOptions': initialDelay, maxDelay, multiplier
test/onError.test.ts(165,12): error TS2532: Object is possibly 'undefined'.
test/onError.test.ts(168,12): error TS2532: Object is possibly 'undefined'.
test/onError.test.ts(197,7): error TS2322: Type 'Mock<Procedure | Constructable>' is not assignable to type '{ (input: RequestInfo | URL, init?: RequestInit | undefined): Promise<Response>; (input: string | Request | URL, init?: RequestInit | undefined): Promise<Response>; } | undefined'.
  Type 'MockInstance<Procedure | Constructable> & (new (...args: any[]) => any) & {}' is not assignable to type '{ (input: RequestInfo | URL, init?: RequestInit | undefined): Promise<Response>; (input: string | Request | URL, init?: RequestInit | undefined): Promise<Response>; } | undefined'.
test/onError.test.ts(200,7): error TS2739: Type '{ maxRetries: number; }' is missing the following properties from type 'BackoffOptions': initialDelay, maxDelay, multiplier
test/onError.test.ts(207,30): error TS2532: Object is possibly 'undefined'.
test/onError.test.ts(208,31): error TS2532: Object is possibly 'undefined'.
test/onError.test.ts(228,9): error TS2322: Type 'Mock<Procedure | Constructable>' is not assignable to type '{ (input: RequestInfo | URL, init?: RequestInit | undefined): Promise<Response>; (input: string | Request | URL, init?: RequestInit | undefined): Promise<Response>; } | undefined'.
  Type 'MockInstance<Procedure | Constructable> & (new (...args: any[]) => any) & {}' is not assignable to type '{ (input: RequestInfo | URL, init?: RequestInit | undefined): Promise<Response>; (input: string | Request | URL, init?: RequestInit | undefined): Promise<Response>; } | undefined'.
test/onError.test.ts(229,9): error TS2739: Type '{ maxRetries: number; }' is missing the following properties from type 'BackoffOptions': initialDelay, maxDelay, multiplier
test/onError.test.ts(268,7): error TS2322: Type 'Mock<Procedure | Constructable>' is not assignable to type '{ (input: RequestInfo | URL, init?: RequestInit | undefined): Promise<Response>; (input: string | Request | URL, init?: RequestInit | undefined): Promise<Response>; } | undefined'.
  Type 'MockInstance<Procedure | Constructable> & (new (...args: any[]) => any) & {}' is not assignable to type '{ (input: RequestInfo | URL, init?: RequestInit | undefined): Promise<Response>; (input: string | Request | URL, init?: RequestInit | undefined): Promise<Response>; } | undefined'.
test/onError.test.ts(270,7): error TS2739: Type '{ maxRetries: number; }' is missing the following properties from type 'BackoffOptions': initialDelay, maxDelay, multiplier
test/onError.test.ts(276,12): error TS2532: Object is possibly 'undefined'.
test/onError.test.ts(296,7): error TS2322: Type 'Mock<Procedure | Constructable>' is not assignable to type '{ (input: RequestInfo | URL, init?: RequestInit | undefined): Promise<Response>; (input: string | Request | URL, init?: RequestInit | undefined): Promise<Response>; } | undefined'.
  Type 'MockInstance<Procedure | Constructable> & (new (...args: any[]) => any) & {}' is not assignable to type '{ (input: RequestInfo | URL, init?: RequestInit | undefined): Promise<Response>; (input: string | Request | URL, init?: RequestInit | undefined): Promise<Response>; } | undefined'.
test/onError.test.ts(315,9): error TS2322: Type 'Mock<Procedure | Constructable>' is not assignable to type '{ (input: RequestInfo | URL, init?: RequestInit | undefined): Promise<Response>; (input: string | Request | URL, init?: RequestInit | undefined): Promise<Response>; } | undefined'.
  Type 'MockInstance<Procedure | Constructable> & (new (...args: any[]) => any) & {}' is not assignable to type '{ (input: RequestInfo | URL, init?: RequestInit | undefined): Promise<Response>; (input: string | Request | URL, init?: RequestInit | undefined): Promise<Response>; } | undefined'.
test/onError.test.ts(316,9): error TS2739: Type '{ maxRetries: number; }' is missing the following properties from type 'BackoffOptions': initialDelay, maxDelay, multiplier
test/onError.test.ts(340,11): error TS2322: Type 'Mock<Procedure | Constructable>' is not assignable to type '{ (input: RequestInfo | URL, init?: RequestInit | undefined): Promise<Response>; (input: string | Request | URL, init?: RequestInit | undefined): Promise<Response>; } | undefined'.
  Type 'MockInstance<Procedure | Constructable> & (new (...args: any[]) => any) & {}' is not assignable to type '{ (input: RequestInfo | URL, init?: RequestInit | undefined): Promise<Response>; (input: string | Request | URL, init?: RequestInit | undefined): Promise<Response>; } | undefined'.
test/onError.test.ts(341,11): error TS2739: Type '{ maxRetries: number; }' is missing the following properties from type 'BackoffOptions': initialDelay, maxDelay, multiplier
test/onError.test.ts(374,7): error TS2322: Type 'Mock<Procedure | Constructable>' is not assignable to type '{ (input: RequestInfo | URL, init?: RequestInit | undefined): Promise<Response>; (input: string | Request | URL, init?: RequestInit | undefined): Promise<Response>; } | undefined'.
  Type 'MockInstance<Procedure | Constructable> & (new (...args: any[]) => any) & {}' is not assignable to type '{ (input: RequestInfo | URL, init?: RequestInit | undefined): Promise<Response>; (input: string | Request | URL, init?: RequestInit | undefined): Promise<Response>; } | undefined'.
test/onError.test.ts(376,7): error TS2739: Type '{ maxRetries: number; }' is missing the following properties from type 'BackoffOptions': initialDelay, maxDelay, multiplier
test/onError.test.ts(380,31): error TS2532: Object is possibly 'undefined'.
test/onError.test.ts(409,7): error TS2322: Type 'Mock<Procedure | Constructable>' is not assignable to type '{ (input: RequestInfo | URL, init?: RequestInit | undefined): Promise<Response>; (input: string | Request | URL, init?: RequestInit | undefined): Promise<Response>; } | undefined'.
  Type 'MockInstance<Procedure | Constructable> & (new (...args: any[]) => any) & {}' is not assignable to type '{ (input: RequestInfo | URL, init?: RequestInit | undefined): Promise<Response>; (input: string | Request | URL, init?: RequestInit | undefined): Promise<Response>; } | undefined'.
test/onError.test.ts(411,7): error TS2739: Type '{ maxRetries: number; }' is missing the following properties from type 'BackoffOptions': initialDelay, maxDelay, multiplier
test/onError.test.ts(415,12): error TS2532: Object is possibly 'undefined'.
test/response-metadata.test.ts(32,9): error TS2322: Type 'Mock<Procedure | Constructable>' is not assignable to type '{ (input: RequestInfo | URL, init?: RequestInit | undefined): Promise<Response>; (input: string | Request | URL, init?: RequestInit | undefined): Promise<Response>; } | undefined'.
  Type 'MockInstance<Procedure | Constructable> & (new (...args: any[]) => any) & {}' is not assignable to type '{ (input: RequestInfo | URL, init?: RequestInit | undefined): Promise<Response>; (input: string | Request | URL, init?: RequestInit | undefined): Promise<Response>; } | undefined'.
test/response-metadata.test.ts(73,9): error TS2322: Type 'Mock<Procedure | Constructable>' is not assignable to type '{ (input: RequestInfo | URL, init?: RequestInit | undefined): Promise<Response>; (input: string | Request | URL, init?: RequestInit | undefined): Promise<Response>; } | undefined'.
  Type 'MockInstance<Procedure | Constructable> & (new (...args: any[]) => any) & {}' is not assignable to type '{ (input: RequestInfo | URL, init?: RequestInit | undefined): Promise<Response>; (input: string | Request | URL, init?: RequestInit | undefined): Promise<Response>; } | undefined'.
test/response-metadata.test.ts(106,9): error TS2322: Type 'Mock<Procedure | Constructable>' is not assignable to type '{ (input: RequestInfo | URL, init?: RequestInit | undefined): Promise<Response>; (input: string | Request | URL, init?: RequestInit | undefined): Promise<Response>; } | undefined'.
  Type 'MockInstance<Procedure | Constructable> & (new (...args: any[]) => any) & {}' is not assignable to type '{ (input: RequestInfo | URL, init?: RequestInit | undefined): Promise<Response>; (input: string | Request | URL, init?: RequestInit | undefined): Promise<Response>; } | undefined'.
test/response-metadata.test.ts(129,9): error TS2322: Type 'Mock<Procedure | Constructable>' is not assignable to type '{ (input: RequestInfo | URL, init?: RequestInit | undefined): Promise<Response>; (input: string | Request | URL, init?: RequestInit | undefined): Promise<Response>; } | undefined'.
  Type 'MockInstance<Procedure | Constructable> & (new (...args: any[]) => any) & {}' is not assignable to type '{ (input: RequestInfo | URL, init?: RequestInit | undefined): Promise<Response>; (input: string | Request | URL, init?: RequestInit | undefined): Promise<Response>; } | undefined'.
test/response-metadata.test.ts(168,9): error TS2322: Type 'Mock<Procedure | Constructable>' is not assignable to type '{ (input: RequestInfo | URL, init?: RequestInit | undefined): Promise<Response>; (input: string | Request | URL, init?: RequestInit | undefined): Promise<Response>; } | undefined'.
  Type 'MockInstance<Procedure | Constructable> & (new (...args: any[]) => any) & {}' is not assignable to type '{ (input: RequestInfo | URL, init?: RequestInit | undefined): Promise<Response>; (input: string | Request | URL, init?: RequestInit | undefined): Promise<Response>; } | undefined'.
test/response-metadata.test.ts(201,9): error TS2322: Type 'Mock<Procedure | Constructable>' is not assignable to type '{ (input: RequestInfo | URL, init?: RequestInit | undefined): Promise<Response>; (input: string | Request | URL, init?: RequestInit | undefined): Promise<Response>; } | undefined'.
  Type 'MockInstance<Procedure | Constructable> & (new (...args: any[]) => any) & {}' is not assignable to type '{ (input: RequestInfo | URL, init?: RequestInit | undefined): Promise<Response>; (input: string | Request | URL, init?: RequestInit | undefined): Promise<Response>; } | undefined'.
test/response-metadata.test.ts(221,9): error TS2322: Type 'Mock<Procedure | Constructable>' is not assignable to type '{ (input: RequestInfo | URL, init?: RequestInit | undefined): Promise<Response>; (input: string | Request | URL, init?: RequestInit | undefined): Promise<Response>; } | undefined'.
  Type 'MockInstance<Procedure | Constructable> & (new (...args: any[]) => any) & {}' is not assignable to type '{ (input: RequestInfo | URL, init?: RequestInit | undefined): Promise<Response>; (input: string | Request | URL, init?: RequestInit | undefined): Promise<Response>; } | undefined'.
test/response-metadata.test.ts(247,9): error TS2322: Type 'Mock<Procedure | Constructable>' is not assignable to type '{ (input: RequestInfo | URL, init?: RequestInit | undefined): Promise<Response>; (input: string | Request | URL, init?: RequestInit | undefined): Promise<Response>; } | undefined'.
  Type 'MockInstance<Procedure | Constructable> & (new (...args: any[]) => any) & {}' is not assignable to type '{ (input: RequestInfo | URL, init?: RequestInit | undefined): Promise<Response>; (input: string | Request | URL, init?: RequestInit | undefined): Promise<Response>; } | undefined'.
test/response-metadata.test.ts(279,9): error TS2322: Type 'Mock<Procedure | Constructable>' is not assignable to type '{ (input: RequestInfo | URL, init?: RequestInit | undefined): Promise<Response>; (input: string | Request | URL, init?: RequestInit | undefined): Promise<Response>; } | undefined'.
  Type 'MockInstance<Procedure | Constructable> & (new (...args: any[]) => any) & {}' is not assignable to type '{ (input: RequestInfo | URL, init?: RequestInit | undefined): Promise<Response>; (input: string | Request | URL, init?: RequestInit | undefined): Promise<Response>; } | undefined'.
test/response-metadata.test.ts(304,9): error TS2322: Type 'Mock<Procedure | Constructable>' is not assignable to type '{ (input: RequestInfo | URL, init?: RequestInit | undefined): Promise<Response>; (input: string | Request | URL, init?: RequestInit | undefined): Promise<Response>; } | undefined'.
  Type 'MockInstance<Procedure | Constructable> & (new (...args: any[]) => any) & {}' is not assignable to type '{ (input: RequestInfo | URL, init?: RequestInit | undefined): Promise<Response>; (input: string | Request | URL, init?: RequestInit | undefined): Promise<Response>; } | undefined'.
test/response-metadata.test.ts(337,9): error TS2322: Type 'Mock<Procedure | Constructable>' is not assignable to type '{ (input: RequestInfo | URL, init?: RequestInit | undefined): Promise<Response>; (input: string | Request | URL, init?: RequestInit | undefined): Promise<Response>; } | undefined'.
  Type 'MockInstance<Procedure | Constructable> & (new (...args: any[]) => any) & {}' is not assignable to type '{ (input: RequestInfo | URL, init?: RequestInit | undefined): Promise<Response>; (input: string | Request | URL, init?: RequestInit | undefined): Promise<Response>; } | undefined'.
test/response-metadata.test.ts(365,9): error TS2322: Type 'Mock<Procedure | Constructable>' is not assignable to type '{ (input: RequestInfo | URL, init?: RequestInit | undefined): Promise<Response>; (input: string | Request | URL, init?: RequestInit | undefined): Promise<Response>; } | undefined'.
  Type 'MockInstance<Procedure | Constructable> & (new (...args: any[]) => any) & {}' is not assignable to type '{ (input: RequestInfo | URL, init?: RequestInit | undefined): Promise<Response>; (input: string | Request | URL, init?: RequestInit | undefined): Promise<Response>; } | undefined'.
test/stream-response-state.test.ts(327,27): error TS2339: Property 'consecutiveShortConnections' does not exist on type 'SSEState | LongPollState'.
  Property 'consecutiveShortConnections' does not exist on type 'LongPollState'.
test/stream.test.ts(121,21): error TS2339: Property 'contentType' does not exist on type 'HeadResult'.
  Property 'contentType' does not exist on type 'HeadResultNotFound'.
test/stream.test.ts(122,21): error TS2339: Property 'offset' does not exist on type 'HeadResult'.
  Property 'offset' does not exist on type 'HeadResultNotFound'.
test/stream.test.ts(123,21): error TS2339: Property 'etag' does not exist on type 'HeadResult'.
  Property 'etag' does not exist on type 'HeadResultNotFound'.
test/stream.test.ts(319,21): error TS2339: Property 'contentType' does not exist on type 'HeadResult'.
  Property 'contentType' does not exist on type 'HeadResultNotFound'.
test/stream.test.ts(320,21): error TS2339: Property 'offset' does not exist on type 'HeadResult'.
  Property 'offset' does not exist on type 'HeadResultNotFound'.
test/support/test-context.ts(30,15): error TS2345: Argument of type 'StreamStore | FileBackedStreamStore' is not assignable to parameter of type 'StreamStore'.
  Type 'FileBackedStreamStore' is missing the following properties from type 'StreamStore': streams, getIfNotExpired, commitProducerState, cleanupExpiredProducers, and 4 more.
/tmp/durable-checkpoint-typecheck-baseline/packages/client:
 ERR_PNPM_RECURSIVE_RUN_FIRST_FAIL  @durable-streams/client@0.2.7 typecheck: `tsc --noEmit`
Exit status 2
