
> @durable-streams/state@0.3.2 build /home/user/workspace/durable-streams-snapshot-upstream/packages/state
> tsdown

[tsdown] ℹ tsdown v0.9.9 powered by rolldown v1.0.0-beta.8-commit.151352b
[tsdown] ℹ Using tsdown config: /home/user/workspace/durable-streams-snapshot-upstream/packages/state/tsdown.config.ts
[tsdown] ℹ entry: src/db.ts, src/index.ts
[tsdown] ℹ Using tsconfig: tsconfig.json
[tsdown] ℹ Cleaning output folder
[tsdown] ℹ [ESM] Build start
[tsdown] ℹ [CJS] Build start
[tsdown] ℹ [CJS] dist/db.cjs            19.76 kB │ gzip: 5.41 kB 
[tsdown] ℹ [CJS] dist/index.cjs          0.27 kB │ gzip: 0.15 kB 
[tsdown] ℹ [CJS] dist/src-AIE5IYwJ.cjs   6.99 kB │ gzip: 1.80 kB 
[tsdown] ℹ [CJS] 3 files, total: 27.02 kB
[tsdown] ℹ [CJS] dist/db.d.cts              8.23 kB │ gzip: 2.73 kB 
[tsdown] ℹ [CJS] dist/index.d.cts           0.55 kB │ gzip: 0.19 kB 
[tsdown] ℹ [CJS] dist/index-CqdIsdQy.d.cts  4.78 kB │ gzip: 1.49 kB 
[tsdown] ℹ [CJS] 3 files, total: 13.57 kB
[tsdown] ℹ [ESM] dist/db.js                15.51 kB │ gzip: 4.81 kB 
[tsdown] ℹ [ESM] dist/index.js              0.19 kB │ gzip: 0.12 kB 
[tsdown] ℹ [ESM] dist/src-VTyL9Eij.js       6.54 kB │ gzip: 1.72 kB 
[tsdown] ℹ [ESM] dist/db.d.ts               8.32 kB │ gzip: 2.76 kB 
[tsdown] ℹ [ESM] dist/index.d.ts            0.64 kB │ gzip: 0.22 kB 
[tsdown] ℹ [ESM] dist/index-D6Nak3Wl.d.ts   4.87 kB │ gzip: 1.51 kB 
[tsdown] ℹ [ESM] 6 files, total: 36.05 kB
[tsdown] ✔ Build complete in 359ms
