
 RUN  v3.2.4 /home/user/workspace/electric-snapshot-upstream/packages/agents-runtime

(node:546268) ExperimentalWarning: localStorage is not available because --localstorage-file was not provided.
(Use `node --trace-warnings ...` to show where the warning was created)
{"level":30,"time":1791051346902,"msg":"[agent-runtime] Registered entity type: e2e"}
{"level":30,"time":1791051346902,"msg":"[agent-runtime] 1 entity types ready: e2e"}
{"level":30,"time":1791051347152,"msg":"[/e2e/checkpoint-2a2faeb4-821a-4ce7-af5a-d5adc903e452] wake received (epoch=1)"}
{"level":30,"time":1791051347188,"msg":"[/e2e/checkpoint-2a2faeb4-821a-4ce7-af5a-d5adc903e452] [sandbox] entity=/e2e/checkpoint-2a2faeb4-821a-4ce7-af5a-d5adc903e452 requested=(none) resolved=unrestricted cwd=/home/user/workspace/electric-snapshot-upstream/packages/agents-runtime"}
{"level":30,"time":1791051347193,"msg":"[/e2e/checkpoint-2a2faeb4-821a-4ce7-af5a-d5adc903e452] invoking handler wakeType=inbox wakeOffset=0000000000000000_0000000000000491 ackOffset=0000000000000000_0000000000000491 events=2 payloadType=object firstWake=false"}
{"level":30,"time":1791051347197,"msg":"[/e2e/checkpoint-2a2faeb4-821a-4ce7-af5a-d5adc903e452] handler returned"}
{"level":30,"time":1791051347278,"msg":"[/e2e/checkpoint-2a2faeb4-821a-4ce7-af5a-d5adc903e452] done acking /e2e/checkpoint-2a2faeb4-821a-4ce7-af5a-d5adc903e452/main at 0000000000000000_0000000000001926"}
{"level":30,"time":1791051347305,"msg":"[/e2e/checkpoint-2a2faeb4-821a-4ce7-af5a-d5adc903e452] wake done claimMs=8.85 preloadMs=13.28 handlerMs=4.14 httpMs=0 httpCount=0 totalMs=153.34"}
{"level":30,"time":1791051347369,"msg":"[/e2e/checkpoint-2a2faeb4-821a-4ce7-af5a-d5adc903e452] wake received (epoch=2)"}
{"level":30,"time":1791051347391,"msg":"[/e2e/checkpoint-2a2faeb4-821a-4ce7-af5a-d5adc903e452] [sandbox] entity=/e2e/checkpoint-2a2faeb4-821a-4ce7-af5a-d5adc903e452 requested=(none) resolved=unrestricted cwd=/home/user/workspace/electric-snapshot-upstream/packages/agents-runtime"}
{"level":30,"time":1791051347393,"msg":"[/e2e/checkpoint-2a2faeb4-821a-4ce7-af5a-d5adc903e452] invoking handler wakeType=inbox wakeOffset=0000000000000000_0000000000002110 ackOffset=0000000000000000_0000000000002582 events=3 payloadType=object firstWake=false"}
{"level":30,"time":1791051347396,"msg":"[/e2e/checkpoint-2a2faeb4-821a-4ce7-af5a-d5adc903e452] handler returned"}
{"level":30,"time":1791051347438,"msg":"[/e2e/checkpoint-2a2faeb4-821a-4ce7-af5a-d5adc903e452] done acking /e2e/checkpoint-2a2faeb4-821a-4ce7-af5a-d5adc903e452/main at 0000000000000000_0000000000003627"}
{"level":30,"time":1791051347455,"msg":"[/e2e/checkpoint-2a2faeb4-821a-4ce7-af5a-d5adc903e452] wake done claimMs=6.66 preloadMs=10.26 handlerMs=2.54 httpMs=0 httpCount=0 totalMs=85.97"}
{"kind":"checkpoint-e2e","case":"deletes-and-marker-trust","prefixFreeReads":4,"assertions":{"state":true,"rawInputs":true,"selfObservationInputs":true,"persistedOutput":true,"ack":true,"forgedMarkerRejected":true,"nestedPayloadIgnored":true,"noPrefixReads":true}}
{"level":30,"time":1791051347553,"msg":"[/e2e/checkpoint-a9acff40-67ad-4029-956d-742af5270c12] wake received (epoch=1)"}
{"level":30,"time":1791051347576,"msg":"[/e2e/checkpoint-a9acff40-67ad-4029-956d-742af5270c12] [sandbox] entity=/e2e/checkpoint-a9acff40-67ad-4029-956d-742af5270c12 requested=(none) resolved=unrestricted cwd=/home/user/workspace/electric-snapshot-upstream/packages/agents-runtime"}
{"level":30,"time":1791051347577,"msg":"[/e2e/checkpoint-a9acff40-67ad-4029-956d-742af5270c12] invoking handler wakeType=inbox wakeOffset=0000000000000000_0000000000000491 ackOffset=0000000000000000_0000000000000491 events=2 payloadType=object firstWake=false"}
{"level":30,"time":1791051347578,"msg":"[/e2e/checkpoint-a9acff40-67ad-4029-956d-742af5270c12] handler returned"}
{"level":30,"time":1791051347629,"msg":"[/e2e/checkpoint-a9acff40-67ad-4029-956d-742af5270c12] done acking /e2e/checkpoint-a9acff40-67ad-4029-956d-742af5270c12/main at 0000000000000000_0000000000001926"}
{"level":30,"time":1791051347651,"msg":"[/e2e/checkpoint-a9acff40-67ad-4029-956d-742af5270c12] wake done claimMs=5.83 preloadMs=8.09 handlerMs=0.79 httpMs=0 httpCount=0 totalMs=97.48"}
{"level":30,"time":1791051347701,"msg":"[/e2e/checkpoint-a9acff40-67ad-4029-956d-742af5270c12] wake received (epoch=2)"}
{"level":30,"time":1791051347717,"msg":"[/e2e/checkpoint-a9acff40-67ad-4029-956d-742af5270c12] [sandbox] entity=/e2e/checkpoint-a9acff40-67ad-4029-956d-742af5270c12 requested=(none) resolved=unrestricted cwd=/home/user/workspace/electric-snapshot-upstream/packages/agents-runtime"}
{"level":30,"time":1791051347734,"msg":"[/e2e/checkpoint-a9acff40-67ad-4029-956d-742af5270c12] done acking /e2e/checkpoint-a9acff40-67ad-4029-956d-742af5270c12/main at 0000000000000000_0000000000002318"}
{"level":30,"time":1791051347752,"msg":"[/e2e/checkpoint-a9acff40-67ad-4029-956d-742af5270c12] wake done claimMs=9.89 preloadMs=9.45 handlerMs=0 httpMs=0 httpCount=0 totalMs=51.09"}
{"kind":"checkpoint-e2e","case":"restored-canonical-fork","pointer":{"offset":null,"subOffset":12},"assertions":{"exactInclusivePrefix":true,"controlItemCounted":true,"stateRestored":true}}
{"level":30,"time":1791051347818,"msg":"[/e2e/checkpoint-44da35fd-b202-4cd2-986b-09fe4e531c15] wake received (epoch=1)"}
{"level":30,"time":1791051347830,"msg":"[/e2e/checkpoint-44da35fd-b202-4cd2-986b-09fe4e531c15] [sandbox] entity=/e2e/checkpoint-44da35fd-b202-4cd2-986b-09fe4e531c15 requested=(none) resolved=unrestricted cwd=/home/user/workspace/electric-snapshot-upstream/packages/agents-runtime"}
{"level":30,"time":1791051347831,"msg":"[/e2e/checkpoint-44da35fd-b202-4cd2-986b-09fe4e531c15] invoking handler wakeType=inbox wakeOffset=0000000000000000_0000000000000491 ackOffset=0000000000000000_0000000000000491 events=2 payloadType=object firstWake=false"}
{"level":30,"time":1791051347831,"msg":"[/e2e/checkpoint-44da35fd-b202-4cd2-986b-09fe4e531c15] handler returned"}
{"level":30,"time":1791051347886,"msg":"[/e2e/checkpoint-44da35fd-b202-4cd2-986b-09fe4e531c15] done acking /e2e/checkpoint-44da35fd-b202-4cd2-986b-09fe4e531c15/main at 0000000000000000_0000000000001926"}
{"level":30,"time":1791051347902,"msg":"[/e2e/checkpoint-44da35fd-b202-4cd2-986b-09fe4e531c15] wake done claimMs=4.88 preloadMs=6.59 handlerMs=0.54 httpMs=0 httpCount=0 totalMs=83.41"}
{"level":30,"time":1791051347954,"msg":"[/e2e/checkpoint-44da35fd-b202-4cd2-986b-09fe4e531c15] wake received (epoch=2)"}
{"level":30,"time":1791051347970,"msg":"[/e2e/checkpoint-44da35fd-b202-4cd2-986b-09fe4e531c15] [sandbox] entity=/e2e/checkpoint-44da35fd-b202-4cd2-986b-09fe4e531c15 requested=(none) resolved=unrestricted cwd=/home/user/workspace/electric-snapshot-upstream/packages/agents-runtime"}
{"level":30,"time":1791051347971,"msg":"[/e2e/checkpoint-44da35fd-b202-4cd2-986b-09fe4e531c15] invoking handler wakeType=inbox wakeOffset=0000000000000000_0000000000002322 ackOffset=0000000000000000_0000000000002615 events=2 payloadType=object firstWake=false"}
{"level":30,"time":1791051347972,"msg":"[/e2e/checkpoint-44da35fd-b202-4cd2-986b-09fe4e531c15] handler returned"}
{"level":30,"time":1791051348027,"msg":"[/e2e/checkpoint-44da35fd-b202-4cd2-986b-09fe4e531c15] done acking /e2e/checkpoint-44da35fd-b202-4cd2-986b-09fe4e531c15/main at 0000000000000000_0000000000004157"}
{"level":30,"time":1791051348044,"msg":"[/e2e/checkpoint-44da35fd-b202-4cd2-986b-09fe4e531c15] wake done claimMs=6.08 preloadMs=8.11 handlerMs=0.83 httpMs=0 httpCount=0 totalMs=89.82"}
{"level":30,"time":1791051348076,"msg":"[/e2e/checkpoint-44da35fd-b202-4cd2-986b-09fe4e531c15] wake received (epoch=3)"}
{"level":30,"time":1791051348090,"msg":"[/e2e/checkpoint-44da35fd-b202-4cd2-986b-09fe4e531c15] [sandbox] entity=/e2e/checkpoint-44da35fd-b202-4cd2-986b-09fe4e531c15 requested=(none) resolved=unrestricted cwd=/home/user/workspace/electric-snapshot-upstream/packages/agents-runtime"}
{"level":30,"time":1791051348091,"msg":"[/e2e/checkpoint-44da35fd-b202-4cd2-986b-09fe4e531c15] invoking handler wakeType=inbox wakeOffset=0000000000000000_0000000000004553 ackOffset=0000000000000000_0000000000004553 events=1 payloadType=object firstWake=false"}
{"level":30,"time":1791051348105,"msg":"[/e2e/checkpoint-44da35fd-b202-4cd2-986b-09fe4e531c15] SIGINT received, aborting active handler invocation"}
{"level":30,"time":1791051348106,"msg":"[/e2e/checkpoint-44da35fd-b202-4cd2-986b-09fe4e531c15] handler returned"}
{"level":30,"time":1791051348121,"msg":"[/e2e/checkpoint-44da35fd-b202-4cd2-986b-09fe4e531c15] shutdown requested, closing wake"}
{"level":30,"time":1791051348136,"msg":"[/e2e/checkpoint-44da35fd-b202-4cd2-986b-09fe4e531c15] done acking /e2e/checkpoint-44da35fd-b202-4cd2-986b-09fe4e531c15/main at 0000000000000000_0000000000005539"}
{"level":30,"time":1791051348136,"msg":"[/e2e/checkpoint-44da35fd-b202-4cd2-986b-09fe4e531c15] shutdown requested, sending done callback at checkpoint"}
{"level":30,"time":1791051348154,"msg":"[/e2e/checkpoint-44da35fd-b202-4cd2-986b-09fe4e531c15] wake done claimMs=8.15 preloadMs=7.74 handlerMs=15.26 httpMs=0 httpCount=0 totalMs=78.28"}
{"kind":"checkpoint-e2e","case":"pending-signal-live-cancellation","assertions":{"signal":true,"cancellation":true,"persistedOutput":true,"ack":true},"exactlyOnceExternalEffectsClaimed":false}
{"level":30,"time":1791051348230,"msg":"[/e2e/checkpoint-9f341965-9385-4e4f-ae9f-2874327af99b] wake received (epoch=1)"}
{"level":30,"time":1791051348243,"msg":"[/e2e/checkpoint-9f341965-9385-4e4f-ae9f-2874327af99b] [sandbox] entity=/e2e/checkpoint-9f341965-9385-4e4f-ae9f-2874327af99b requested=(none) resolved=unrestricted cwd=/home/user/workspace/electric-snapshot-upstream/packages/agents-runtime"}
{"level":30,"time":1791051348244,"msg":"[/e2e/checkpoint-9f341965-9385-4e4f-ae9f-2874327af99b] invoking handler wakeType=inbox wakeOffset=0000000000000000_0000000000000491 ackOffset=0000000000000000_0000000000000491 events=2 payloadType=object firstWake=false"}
{"level":30,"time":1791051348244,"msg":"[/e2e/checkpoint-9f341965-9385-4e4f-ae9f-2874327af99b] handler returned"}
{"level":30,"time":1791051348319,"msg":"[/e2e/checkpoint-9f341965-9385-4e4f-ae9f-2874327af99b] done acking /e2e/checkpoint-9f341965-9385-4e4f-ae9f-2874327af99b/main at 0000000000000000_0000000000001926"}
{"level":30,"time":1791051348333,"msg":"[/e2e/checkpoint-9f341965-9385-4e4f-ae9f-2874327af99b] wake done claimMs=7.38 preloadMs=5.76 handlerMs=0.58 httpMs=0 httpCount=0 totalMs=102.72"}
{"level":30,"time":1791051348366,"msg":"[/e2e/checkpoint-9f341965-9385-4e4f-ae9f-2874327af99b] wake received (epoch=2)"}
{"level":30,"time":1791051348379,"msg":"[/e2e/checkpoint-9f341965-9385-4e4f-ae9f-2874327af99b] [sandbox] entity=/e2e/checkpoint-9f341965-9385-4e4f-ae9f-2874327af99b requested=(none) resolved=unrestricted cwd=/home/user/workspace/electric-snapshot-upstream/packages/agents-runtime"}
{"level":30,"time":1791051348381,"msg":"[/e2e/checkpoint-9f341965-9385-4e4f-ae9f-2874327af99b] invoking handler wakeType=inbox wakeOffset=0000000000000000_0000000000002315 ackOffset=0000000000000000_0000000000002315 events=1 payloadType=object firstWake=false"}
{"level":30,"time":1791051348398,"msg":"[/e2e/checkpoint-9f341965-9385-4e4f-ae9f-2874327af99b] handler returned"}
{"level":30,"time":1791051348418,"msg":"[/e2e/checkpoint-9f341965-9385-4e4f-ae9f-2874327af99b] fresh work already pending, continuing in-process"}
{"level":30,"time":1791051348418,"msg":"[/e2e/checkpoint-9f341965-9385-4e4f-ae9f-2874327af99b] invoking handler wakeType=inbox wakeOffset=0000000000000000_0000000000003548 ackOffset=0000000000000000_0000000000003548 events=7 payloadType=object firstWake=false"}
{"level":30,"time":1791051348418,"msg":"[/e2e/checkpoint-9f341965-9385-4e4f-ae9f-2874327af99b] handler returned"}
{"level":30,"time":1791051348450,"msg":"[/e2e/checkpoint-9f341965-9385-4e4f-ae9f-2874327af99b] done acking /e2e/checkpoint-9f341965-9385-4e4f-ae9f-2874327af99b/main at 0000000000000000_0000000000004623"}
{"level":30,"time":1791051348469,"msg":"[/e2e/checkpoint-9f341965-9385-4e4f-ae9f-2874327af99b] wake done claimMs=7.99 preloadMs=7.62 handlerMs=17.259999999999998 httpMs=0 httpCount=0 totalMs=102.8"}
{"kind":"checkpoint-e2e","case":"concurrent-append","assertions":{"state":true,"rawInputs":true,"ack":true}}
{"level":30,"time":1791051348533,"msg":"[/e2e/checkpoint-3e669422-11e9-409d-9dc9-f53ca46ec726] wake received (epoch=1)"}
{"level":30,"time":1791051348545,"msg":"[/e2e/checkpoint-3e669422-11e9-409d-9dc9-f53ca46ec726] [sandbox] entity=/e2e/checkpoint-3e669422-11e9-409d-9dc9-f53ca46ec726 requested=(none) resolved=unrestricted cwd=/home/user/workspace/electric-snapshot-upstream/packages/agents-runtime"}
{"level":30,"time":1791051348546,"msg":"[/e2e/checkpoint-3e669422-11e9-409d-9dc9-f53ca46ec726] invoking handler wakeType=inbox wakeOffset=0000000000000000_0000000000000491 ackOffset=0000000000000000_0000000000000491 events=2 payloadType=object firstWake=false"}
{"level":30,"time":1791051348547,"msg":"[/e2e/checkpoint-3e669422-11e9-409d-9dc9-f53ca46ec726] handler returned"}
{"level":30,"time":1791051348590,"msg":"[/e2e/checkpoint-3e669422-11e9-409d-9dc9-f53ca46ec726] done acking /e2e/checkpoint-3e669422-11e9-409d-9dc9-f53ca46ec726/main at 0000000000000000_0000000000001926"}
{"level":30,"time":1791051348603,"msg":"[/e2e/checkpoint-3e669422-11e9-409d-9dc9-f53ca46ec726] wake done claimMs=4.96 preloadMs=6.75 handlerMs=0.6 httpMs=0 httpCount=0 totalMs=70.1"}
{"level":30,"time":1791051348643,"msg":"[/e2e/checkpoint-3e669422-11e9-409d-9dc9-f53ca46ec726] wake received (epoch=2)"}
{"level":30,"time":1791051348655,"msg":"[/e2e/checkpoint-3e669422-11e9-409d-9dc9-f53ca46ec726] [sandbox] entity=/e2e/checkpoint-3e669422-11e9-409d-9dc9-f53ca46ec726 requested=(none) resolved=unrestricted cwd=/home/user/workspace/electric-snapshot-upstream/packages/agents-runtime"}
{"level":30,"time":1791051348656,"msg":"[/e2e/checkpoint-3e669422-11e9-409d-9dc9-f53ca46ec726] invoking handler wakeType=inbox wakeOffset=0000000000000000_0000000000002321 ackOffset=0000000000000000_0000000000002321 events=1 payloadType=object firstWake=false"}
{"level":30,"time":1791051348674,"msg":"[/e2e/checkpoint-3e669422-11e9-409d-9dc9-f53ca46ec726] handler returned"}
{"level":30,"time":1791051348693,"msg":"[/e2e/checkpoint-3e669422-11e9-409d-9dc9-f53ca46ec726] handler returned with sleep(), closing immediately"}
{"level":30,"time":1791051348693,"msg":"[/e2e/checkpoint-3e669422-11e9-409d-9dc9-f53ca46ec726] done without ack (no consumed offset)"}
{"level":30,"time":1791051348709,"msg":"[/e2e/checkpoint-3e669422-11e9-409d-9dc9-f53ca46ec726] wake done claimMs=6.95 preloadMs=6.62 handlerMs=18.05 httpMs=0 httpCount=0 totalMs=66.5"}
{"level":30,"time":1791051348717,"msg":"[/e2e/checkpoint-3e669422-11e9-409d-9dc9-f53ca46ec726] wake received (epoch=3)"}
{"level":30,"time":1791051348736,"msg":"[/e2e/checkpoint-3e669422-11e9-409d-9dc9-f53ca46ec726] [sandbox] entity=/e2e/checkpoint-3e669422-11e9-409d-9dc9-f53ca46ec726 requested=(none) resolved=unrestricted cwd=/home/user/workspace/electric-snapshot-upstream/packages/agents-runtime"}
{"level":30,"time":1791051348736,"msg":"[/e2e/checkpoint-3e669422-11e9-409d-9dc9-f53ca46ec726] invoking handler wakeType=inbox wakeOffset=0000000000000000_0000000000003565 ackOffset=0000000000000000_0000000000003565 events=8 payloadType=object firstWake=false"}
{"level":30,"time":1791051348737,"msg":"[/e2e/checkpoint-3e669422-11e9-409d-9dc9-f53ca46ec726] handler returned"}
{"level":30,"time":1791051348770,"msg":"[/e2e/checkpoint-3e669422-11e9-409d-9dc9-f53ca46ec726] done acking /e2e/checkpoint-3e669422-11e9-409d-9dc9-f53ca46ec726/main at 0000000000000000_0000000000004676"}
{"level":30,"time":1791051348794,"msg":"[/e2e/checkpoint-3e669422-11e9-409d-9dc9-f53ca46ec726] wake done claimMs=5.3 preloadMs=9.7 handlerMs=0.45 httpMs=0 httpCount=0 totalMs=76.01"}
{"kind":"checkpoint-e2e","case":"A-sleeps-B-pending","assertions":{"noAckPastPending":true,"checkpointDeclined":true,"BRedelivered":true,"rawInputs":true,"ack":true},"exactlyOnceExternalEffectsClaimed":false}
{"level":30,"time":1791051348859,"msg":"[/e2e/checkpoint-b6f10c35-e8ab-440c-94cc-f292a23d021e] wake received (epoch=1)"}
{"level":30,"time":1791051348873,"msg":"[/e2e/checkpoint-b6f10c35-e8ab-440c-94cc-f292a23d021e] [sandbox] entity=/e2e/checkpoint-b6f10c35-e8ab-440c-94cc-f292a23d021e requested=(none) resolved=unrestricted cwd=/home/user/workspace/electric-snapshot-upstream/packages/agents-runtime"}
{"level":30,"time":1791051348873,"msg":"[/e2e/checkpoint-b6f10c35-e8ab-440c-94cc-f292a23d021e] invoking handler wakeType=inbox wakeOffset=0000000000000000_0000000000000491 ackOffset=0000000000000000_0000000000000491 events=2 payloadType=object firstWake=false"}
{"level":30,"time":1791051348874,"msg":"[/e2e/checkpoint-b6f10c35-e8ab-440c-94cc-f292a23d021e] handler returned"}
{"level":30,"time":1791051348923,"msg":"[/e2e/checkpoint-b6f10c35-e8ab-440c-94cc-f292a23d021e] done acking /e2e/checkpoint-b6f10c35-e8ab-440c-94cc-f292a23d021e/main at 0000000000000000_0000000000001926"}
{"level":30,"time":1791051348939,"msg":"[/e2e/checkpoint-b6f10c35-e8ab-440c-94cc-f292a23d021e] wake done claimMs=6.29 preloadMs=6.93 handlerMs=0.46 httpMs=0 httpCount=0 totalMs=79.59"}
{"level":30,"time":1791051348976,"msg":"[/e2e/checkpoint-b6f10c35-e8ab-440c-94cc-f292a23d021e] wake received (epoch=2)"}
{"level":50,"time":1791051348986,"msg":"[/e2e/checkpoint-b6f10c35-e8ab-440c-94cc-f292a23d021e] claim callback returned status=401 ok=false claimMs=4.09 hasWriteToken=false errorCode=(none) errorMessage=Non-JSON claim callback response callback=http://127.0.0.1:45863/_electric/wake-callbacks/w_a7f8fba4300f4c0b0b71fb8f responseBody=injected Chronicle gate failure"}
{"level":50,"time":1791051348991,"msg":"[/e2e/checkpoint-b6f10c35-e8ab-440c-94cc-f292a23d021e] claim callback rejected wake status=401 errorCode=(none) errorMessage=Non-JSON claim callback response callback=http://127.0.0.1:45863/_electric/wake-callbacks/w_a7f8fba4300f4c0b0b71fb8f responseBody=injected Chronicle gate failure"}
{"level":30,"time":1791051379226,"msg":"[/e2e/checkpoint-b6f10c35-e8ab-440c-94cc-f292a23d021e] wake received (epoch=3)"}
{"level":30,"time":1791051379247,"msg":"[/e2e/checkpoint-b6f10c35-e8ab-440c-94cc-f292a23d021e] [sandbox] entity=/e2e/checkpoint-b6f10c35-e8ab-440c-94cc-f292a23d021e requested=(none) resolved=unrestricted cwd=/home/user/workspace/electric-snapshot-upstream/packages/agents-runtime"}
{"level":30,"time":1791051379248,"msg":"[/e2e/checkpoint-b6f10c35-e8ab-440c-94cc-f292a23d021e] invoking handler wakeType=inbox wakeOffset=0000000000000000_0000000000002316 ackOffset=0000000000000000_0000000000002316 events=1 payloadType=object firstWake=false"}
{"level":30,"time":1791051379249,"msg":"[/e2e/checkpoint-b6f10c35-e8ab-440c-94cc-f292a23d021e] handler returned"}
{"level":30,"time":1791051379288,"msg":"[/e2e/checkpoint-b6f10c35-e8ab-440c-94cc-f292a23d021e] done acking /e2e/checkpoint-b6f10c35-e8ab-440c-94cc-f292a23d021e/main at 0000000000000000_0000000000003367"}
{"level":30,"time":1791051379304,"msg":"[/e2e/checkpoint-b6f10c35-e8ab-440c-94cc-f292a23d021e] wake done claimMs=7.2 preloadMs=9.12 handlerMs=0.65 httpMs=0 httpCount=0 totalMs=78.07"}
{"kind":"checkpoint-e2e","case":"denied-claim-redelivery","assertions":{"noHandlerBeforeClaim":true,"noAckBeforeClaim":true,"exactInputs":true,"ack":true}}
{"level":30,"time":1791051379370,"msg":"[/e2e/checkpoint-e1c927f3-2894-449f-ba8e-f0103ec0d0ca] wake received (epoch=1)"}
{"level":30,"time":1791051379384,"msg":"[/e2e/checkpoint-e1c927f3-2894-449f-ba8e-f0103ec0d0ca] [sandbox] entity=/e2e/checkpoint-e1c927f3-2894-449f-ba8e-f0103ec0d0ca requested=(none) resolved=unrestricted cwd=/home/user/workspace/electric-snapshot-upstream/packages/agents-runtime"}
{"level":30,"time":1791051379385,"msg":"[/e2e/checkpoint-e1c927f3-2894-449f-ba8e-f0103ec0d0ca] invoking handler wakeType=inbox wakeOffset=0000000000000000_0000000000000491 ackOffset=0000000000000000_0000000000000491 events=2 payloadType=object firstWake=false"}
{"level":30,"time":1791051379385,"msg":"[/e2e/checkpoint-e1c927f3-2894-449f-ba8e-f0103ec0d0ca] handler returned"}
{"level":30,"time":1791051379434,"msg":"[/e2e/checkpoint-e1c927f3-2894-449f-ba8e-f0103ec0d0ca] done acking /e2e/checkpoint-e1c927f3-2894-449f-ba8e-f0103ec0d0ca/main at 0000000000000000_0000000000001926"}
{"level":30,"time":1791051379461,"msg":"[/e2e/checkpoint-e1c927f3-2894-449f-ba8e-f0103ec0d0ca] wake done claimMs=5.99 preloadMs=8.09 handlerMs=0.63 httpMs=0 httpCount=0 totalMs=90.66"}
{"level":30,"time":1791051379496,"msg":"[/e2e/checkpoint-e1c927f3-2894-449f-ba8e-f0103ec0d0ca] wake received (epoch=2)"}
{"level":30,"time":1791051379525,"msg":"[/e2e/checkpoint-e1c927f3-2894-449f-ba8e-f0103ec0d0ca] [sandbox] entity=/e2e/checkpoint-e1c927f3-2894-449f-ba8e-f0103ec0d0ca requested=(none) resolved=unrestricted cwd=/home/user/workspace/electric-snapshot-upstream/packages/agents-runtime"}
{"level":30,"time":1791051379525,"msg":"[/e2e/checkpoint-e1c927f3-2894-449f-ba8e-f0103ec0d0ca] invoking handler wakeType=inbox wakeOffset=0000000000000000_0000000000002319 ackOffset=0000000000000000_0000000000002712 events=2 payloadType=object firstWake=false"}
{"level":30,"time":1791051379526,"msg":"[/e2e/checkpoint-e1c927f3-2894-449f-ba8e-f0103ec0d0ca] handler returned"}
{"level":30,"time":1791051379559,"msg":"[/e2e/checkpoint-e1c927f3-2894-449f-ba8e-f0103ec0d0ca] done acking /e2e/checkpoint-e1c927f3-2894-449f-ba8e-f0103ec0d0ca/main at 0000000000000000_0000000000003791"}
{"level":30,"time":1791051379576,"msg":"[/e2e/checkpoint-e1c927f3-2894-449f-ba8e-f0103ec0d0ca] wake done claimMs=24.02 preloadMs=9.69 handlerMs=0.55 httpMs=0 httpCount=0 totalMs=80.11"}
{"kind":"checkpoint-e2e","case":"delayed-claim-interleaving","assertions":{"exactInputs":true,"noPrefixReads":true,"noHandlerBeforeClaim":true,"ack":true}}
{"level":30,"time":1791051379631,"msg":"[/e2e/checkpoint-e533e056-7bbf-454a-b074-fae24b5cd8e7] wake received (epoch=1)"}
{"level":30,"time":1791051379644,"msg":"[/e2e/checkpoint-e533e056-7bbf-454a-b074-fae24b5cd8e7] [sandbox] entity=/e2e/checkpoint-e533e056-7bbf-454a-b074-fae24b5cd8e7 requested=(none) resolved=unrestricted cwd=/home/user/workspace/electric-snapshot-upstream/packages/agents-runtime"}
{"level":30,"time":1791051379644,"msg":"[/e2e/checkpoint-e533e056-7bbf-454a-b074-fae24b5cd8e7] invoking handler wakeType=inbox wakeOffset=0000000000000000_0000000000000491 ackOffset=0000000000000000_0000000000000491 events=2 payloadType=object firstWake=false"}
{"level":30,"time":1791051379645,"msg":"[/e2e/checkpoint-e533e056-7bbf-454a-b074-fae24b5cd8e7] handler returned"}
{"level":30,"time":1791051379689,"msg":"[/e2e/checkpoint-e533e056-7bbf-454a-b074-fae24b5cd8e7] done acking /e2e/checkpoint-e533e056-7bbf-454a-b074-fae24b5cd8e7/main at 0000000000000000_0000000000001926"}
{"level":30,"time":1791051379719,"msg":"[/e2e/checkpoint-e533e056-7bbf-454a-b074-fae24b5cd8e7] wake done claimMs=5.22 preloadMs=6.82 handlerMs=0.43 httpMs=0 httpCount=0 totalMs=87.9"}
{"level":30,"time":1791051379753,"msg":"[/e2e/checkpoint-e533e056-7bbf-454a-b074-fae24b5cd8e7] wake received (epoch=2)"}
{"level":30,"time":1791051379765,"msg":"[/e2e/checkpoint-e533e056-7bbf-454a-b074-fae24b5cd8e7] done without ack (no consumed offset)"}
{"level":30,"time":1791051379779,"msg":"[/e2e/checkpoint-e533e056-7bbf-454a-b074-fae24b5cd8e7] wake done claimMs=6.11 preloadMs=0 handlerMs=0 httpMs=0 httpCount=0 totalMs=26.26"}
{"level":50,"time":1791051379779,"err":{"type":"FetchError","message":"HTTP Error 412 at http://127.0.0.1:45863/e2e/checkpoint-e533e056-7bbf-454a-b074-fae24b5cd8e7/main?offset=0000000000000000_0000000000001926: injected Chronicle gate failure","stack":"FetchError: HTTP Error 412 at http://127.0.0.1:45863/e2e/checkpoint-e533e056-7bbf-454a-b074-fae24b5cd8e7/main?offset=0000000000000000_0000000000001926: injected Chronicle gate failure\n    at FetchError.fromResponse (/home/user/workspace/durable-streams-snapshot-upstream/packages/client/dist/index.js:149:10)\n    at processTicksAndRejections (node:internal/process/task_queues:104:5)\n    at /home/user/workspace/durable-streams-snapshot-upstream/packages/client/dist/index.js:309:16\n    at streamInternal (/home/user/workspace/durable-streams-snapshot-upstream/packages/client/dist/index.js:1832:19)\n    at stream (/home/user/workspace/durable-streams-snapshot-upstream/packages/client/dist/index.js:1784:10)\n    at startConsumer (/home/user/workspace/durable-streams-snapshot-upstream/packages/state/dist/db.js:325:20)\n    at Object.preload (/home/user/workspace/durable-streams-snapshot-upstream/packages/state/dist/db.js:378:4)\n    at async Promise.all (index 0)\n    at async Promise.allSettled (index 1)\n    at Module.processWake (/home/user/workspace/electric-snapshot-upstream/packages/agents-runtime/src/process-wake.ts:1536:46)","status":412,"text":"injected Chronicle gate failure","headers":{"access-control-allow-headers":"content-type, authorization, electric-claim-token, electric-owner-entity, electric-principal, ngrok-skip-browser-warning","access-control-allow-methods":"GET, POST, PUT, PATCH, DELETE, OPTIONS","access-control-allow-origin":"*","access-control-expose-headers":"*","connection":"keep-alive","date":"Sat, 03 Oct 2026 18:16:19 GMT","keep-alive":"timeout=5","transfer-encoding":"chunked"},"url":"http://127.0.0.1:45863/e2e/checkpoint-e533e056-7bbf-454a-b074-fae24b5cd8e7/main?offset=0000000000000000_0000000000001926","name":"FetchError"},"msg":"[agent-runtime] Error processing wake for /e2e/checkpoint-e533e056-7bbf-454a-b074-fae24b5cd8e7:"}
{"level":30,"time":1791051379790,"msg":"[/e2e/checkpoint-e533e056-7bbf-454a-b074-fae24b5cd8e7] wake received (epoch=3)"}
{"level":30,"time":1791051379807,"msg":"[/e2e/checkpoint-e533e056-7bbf-454a-b074-fae24b5cd8e7] [sandbox] entity=/e2e/checkpoint-e533e056-7bbf-454a-b074-fae24b5cd8e7 requested=(none) resolved=unrestricted cwd=/home/user/workspace/electric-snapshot-upstream/packages/agents-runtime"}
{"level":30,"time":1791051379808,"msg":"[/e2e/checkpoint-e533e056-7bbf-454a-b074-fae24b5cd8e7] invoking handler wakeType=inbox wakeOffset=0000000000000000_0000000000002317 ackOffset=0000000000000000_0000000000002317 events=1 payloadType=object firstWake=false"}
{"level":30,"time":1791051379808,"msg":"[/e2e/checkpoint-e533e056-7bbf-454a-b074-fae24b5cd8e7] handler returned"}
{"level":30,"time":1791051379840,"msg":"[/e2e/checkpoint-e533e056-7bbf-454a-b074-fae24b5cd8e7] done acking /e2e/checkpoint-e533e056-7bbf-454a-b074-fae24b5cd8e7/main at 0000000000000000_0000000000003370"}
{"level":30,"time":1791051379859,"msg":"[/e2e/checkpoint-e533e056-7bbf-454a-b074-fae24b5cd8e7] wake done claimMs=9.45 preloadMs=10.47 handlerMs=0.52 httpMs=0 httpCount=0 totalMs=69.68"}
{"kind":"checkpoint-e2e","case":"guard-rejection-redelivery","assertions":{"noHandlerOnGuardFailure":true,"noAckOnGuardFailure":true,"exactInputs":true,"ack":true}}
{"level":30,"time":1791051379909,"msg":"[/e2e/checkpoint-373a3c54-d2e3-4121-bb1a-a27713e47756] wake received (epoch=1)"}
{"level":30,"time":1791051379919,"msg":"[/e2e/checkpoint-373a3c54-d2e3-4121-bb1a-a27713e47756] [sandbox] entity=/e2e/checkpoint-373a3c54-d2e3-4121-bb1a-a27713e47756 requested=(none) resolved=unrestricted cwd=/home/user/workspace/electric-snapshot-upstream/packages/agents-runtime"}
{"level":30,"time":1791051379919,"msg":"[/e2e/checkpoint-373a3c54-d2e3-4121-bb1a-a27713e47756] invoking handler wakeType=inbox wakeOffset=0000000000000000_0000000000000491 ackOffset=0000000000000000_0000000000000491 events=2 payloadType=object firstWake=false"}
{"level":30,"time":1791051379920,"msg":"[/e2e/checkpoint-373a3c54-d2e3-4121-bb1a-a27713e47756] handler returned"}
{"level":30,"time":1791051379979,"msg":"[/e2e/checkpoint-373a3c54-d2e3-4121-bb1a-a27713e47756] done acking /e2e/checkpoint-373a3c54-d2e3-4121-bb1a-a27713e47756/main at 0000000000000000_0000000000001926"}
{"level":30,"time":1791051380000,"msg":"[/e2e/checkpoint-373a3c54-d2e3-4121-bb1a-a27713e47756] wake done claimMs=4.42 preloadMs=5.71 handlerMs=0.37 httpMs=0 httpCount=0 totalMs=91.49"}
{"level":30,"time":1791051380045,"msg":"[/e2e/checkpoint-373a3c54-d2e3-4121-bb1a-a27713e47756] wake received (epoch=2)"}
{"level":30,"time":1791051380060,"msg":"[/e2e/checkpoint-373a3c54-d2e3-4121-bb1a-a27713e47756] [sandbox] entity=/e2e/checkpoint-373a3c54-d2e3-4121-bb1a-a27713e47756 requested=(none) resolved=unrestricted cwd=/home/user/workspace/electric-snapshot-upstream/packages/agents-runtime"}
{"level":30,"time":1791051380060,"msg":"[/e2e/checkpoint-373a3c54-d2e3-4121-bb1a-a27713e47756] invoking handler wakeType=inbox wakeOffset=0000000000000000_0000000000002319 ackOffset=0000000000000000_0000000000002319 events=1 payloadType=object firstWake=false"}
{"level":50,"time":1791051380061,"msg":"[/e2e/checkpoint-373a3c54-d2e3-4121-bb1a-a27713e47756] handler failed for /e2e/checkpoint-373a3c54-d2e3-4121-bb1a-a27713e47756: intentional checkpoint handler failure"}
{"level":30,"time":1791051380076,"msg":"[/e2e/checkpoint-373a3c54-d2e3-4121-bb1a-a27713e47756] done without ack (no consumed offset)"}
{"level":30,"time":1791051380102,"msg":"[/e2e/checkpoint-373a3c54-d2e3-4121-bb1a-a27713e47756] wake done claimMs=6.53 preloadMs=8.46 handlerMs=0 httpMs=0 httpCount=0 totalMs=56.51"}
{"level":50,"time":1791051380102,"err":{"type":"Error","message":"intentional checkpoint handler failure","stack":"Error: intentional checkpoint handler failure\n    at Object.handler (/home/user/workspace/electric-snapshot-upstream/packages/agents-runtime/test/chronicle-checkpoint-e2e.test.ts:147:17)\n    at processTicksAndRejections (node:internal/process/task_queues:104:5)\n    at Module.processWake (/home/user/workspace/electric-snapshot-upstream/packages/agents-runtime/src/process-wake.ts:2701:11)"},"msg":"[agent-runtime] Error processing wake for /e2e/checkpoint-373a3c54-d2e3-4121-bb1a-a27713e47756:"}
{"level":30,"time":1791051380107,"msg":"[/e2e/checkpoint-373a3c54-d2e3-4121-bb1a-a27713e47756] wake received (epoch=3)"}
{"level":30,"time":1791051380122,"msg":"[/e2e/checkpoint-373a3c54-d2e3-4121-bb1a-a27713e47756] [sandbox] entity=/e2e/checkpoint-373a3c54-d2e3-4121-bb1a-a27713e47756 requested=(none) resolved=unrestricted cwd=/home/user/workspace/electric-snapshot-upstream/packages/agents-runtime"}
{"level":30,"time":1791051380122,"msg":"[/e2e/checkpoint-373a3c54-d2e3-4121-bb1a-a27713e47756] invoking handler wakeType=inbox wakeOffset=0000000000000000_0000000000002512 ackOffset=0000000000000000_0000000000002512 events=2 payloadType=object firstWake=false"}
{"level":30,"time":1791051380123,"msg":"[/e2e/checkpoint-373a3c54-d2e3-4121-bb1a-a27713e47756] handler returned"}
{"level":30,"time":1791051380157,"msg":"[/e2e/checkpoint-373a3c54-d2e3-4121-bb1a-a27713e47756] done acking /e2e/checkpoint-373a3c54-d2e3-4121-bb1a-a27713e47756/main at 0000000000000000_0000000000003569"}
{"level":30,"time":1791051380181,"msg":"[/e2e/checkpoint-373a3c54-d2e3-4121-bb1a-a27713e47756] wake done claimMs=7.16 preloadMs=6.73 handlerMs=0.44 httpMs=0 httpCount=0 totalMs=73.52"}
{"kind":"checkpoint-e2e","case":"failure-redelivery","handlerAttempts":2,"exactlyOnceExternalEffectsClaimed":false,"assertions":{"state":true,"rawInputs":true,"ack":true}}
{"level":30,"time":1791051380254,"msg":"[/e2e/checkpoint-54261e7c-01e9-4cd8-adc8-077ae8f6f269] wake received (epoch=1)"}
{"level":30,"time":1791051380267,"msg":"[/e2e/checkpoint-54261e7c-01e9-4cd8-adc8-077ae8f6f269] [sandbox] entity=/e2e/checkpoint-54261e7c-01e9-4cd8-adc8-077ae8f6f269 requested=(none) resolved=unrestricted cwd=/home/user/workspace/electric-snapshot-upstream/packages/agents-runtime"}
{"level":30,"time":1791051380267,"msg":"[/e2e/checkpoint-54261e7c-01e9-4cd8-adc8-077ae8f6f269] invoking handler wakeType=inbox wakeOffset=0000000000000000_0000000000000491 ackOffset=0000000000000000_0000000000000491 events=2 payloadType=object firstWake=false"}
{"level":30,"time":1791051380268,"msg":"[/e2e/checkpoint-54261e7c-01e9-4cd8-adc8-077ae8f6f269] handler returned"}
{"level":30,"time":1791051380313,"msg":"[/e2e/checkpoint-54261e7c-01e9-4cd8-adc8-077ae8f6f269] done acking /e2e/checkpoint-54261e7c-01e9-4cd8-adc8-077ae8f6f269/main at 0000000000000000_0000000000001926"}
{"level":30,"time":1791051380332,"msg":"[/e2e/checkpoint-54261e7c-01e9-4cd8-adc8-077ae8f6f269] wake done claimMs=4.59 preloadMs=6.09 handlerMs=0.36 httpMs=0 httpCount=0 totalMs=77.76"}
{"level":30,"time":1791051380376,"msg":"[/e2e/checkpoint-54261e7c-01e9-4cd8-adc8-077ae8f6f269] wake received (epoch=2)"}
{"level":30,"time":1791051380393,"msg":"[/e2e/checkpoint-54261e7c-01e9-4cd8-adc8-077ae8f6f269] [sandbox] entity=/e2e/checkpoint-54261e7c-01e9-4cd8-adc8-077ae8f6f269 requested=(none) resolved=unrestricted cwd=/home/user/workspace/electric-snapshot-upstream/packages/agents-runtime"}
{"level":30,"time":1791051380393,"msg":"[/e2e/checkpoint-54261e7c-01e9-4cd8-adc8-077ae8f6f269] invoking handler wakeType=inbox wakeOffset=0000000000000000_0000000000002315 ackOffset=0000000000000000_0000000000002315 events=1 payloadType=object firstWake=false"}
{"level":30,"time":1791051380394,"msg":"[/e2e/checkpoint-54261e7c-01e9-4cd8-adc8-077ae8f6f269] handler returned"}
{"level":30,"time":1791051380429,"msg":"[/e2e/checkpoint-54261e7c-01e9-4cd8-adc8-077ae8f6f269] done acking /e2e/checkpoint-54261e7c-01e9-4cd8-adc8-077ae8f6f269/main at 0000000000000000_0000000000003364"}
{"level":30,"time":1791051380436,"msg":"[/e2e/checkpoint-54261e7c-01e9-4cd8-adc8-077ae8f6f269] wake done claimMs=7.63 preloadMs=8.35 handlerMs=0.45 httpMs=0 httpCount=0 totalMs=59.78"}
{"level":50,"time":1791051380436,"err":{"type":"Error","message":"Done callback failed (503): injected callback failure","stack":"Error: Done callback failed (503): injected callback failure\n    at sendDone (/home/user/workspace/electric-snapshot-upstream/packages/agents-runtime/src/process-wake.ts:3300:11)\n    at processTicksAndRejections (node:internal/process/task_queues:104:5)\n    at Module.processWake (/home/user/workspace/electric-snapshot-upstream/packages/agents-runtime/src/process-wake.ts:3200:11)"},"msg":"[agent-runtime] Error processing wake for /e2e/checkpoint-54261e7c-01e9-4cd8-adc8-077ae8f6f269:"}
{"level":30,"time":1791051410716,"msg":"[/e2e/checkpoint-54261e7c-01e9-4cd8-adc8-077ae8f6f269] wake received (epoch=3)"}
{"level":30,"time":1791051410731,"msg":"[/e2e/checkpoint-54261e7c-01e9-4cd8-adc8-077ae8f6f269] [sandbox] entity=/e2e/checkpoint-54261e7c-01e9-4cd8-adc8-077ae8f6f269 requested=(none) resolved=unrestricted cwd=/home/user/workspace/electric-snapshot-upstream/packages/agents-runtime"}
{"level":30,"time":1791051410732,"msg":"[/e2e/checkpoint-54261e7c-01e9-4cd8-adc8-077ae8f6f269] done acking /e2e/checkpoint-54261e7c-01e9-4cd8-adc8-077ae8f6f269/main at 0000000000000000_0000000000003364"}
{"level":30,"time":1791051410746,"msg":"[/e2e/checkpoint-54261e7c-01e9-4cd8-adc8-077ae8f6f269] wake done claimMs=6.35 preloadMs=7.55 handlerMs=0 httpMs=0 httpCount=0 totalMs=29.51"}
{"kind":"checkpoint-e2e","case":"saved-before-done-failure","exactlyOnceExternalEffectsClaimed":false,"assertions":{"state":true,"rawInputs":true,"persistedOutput":true,"ack":true,"durableRedeliverySkipped":true}}
 ✓ test/chronicle-checkpoint-e2e.test.ts (10 tests) 69207ms
   ✓ real bounded runtime checkpoint recovery > restores deletes, bounds raw/self-observation inputs, and rejects forged progress  5843ms
   ✓ real bounded runtime checkpoint recovery > forks the exact inclusive prefix from a restored v2 pointer including controls  303ms
   ✓ real bounded runtime checkpoint recovery > restores a pending cold signal and observes live cancellation after a hit  401ms
   ✓ real bounded runtime checkpoint recovery > recovers concurrent fresh work without moving progress past it  302ms
   ✓ real bounded runtime checkpoint recovery > never acks producer output past B when A replies and sleeps  328ms
   ✓ real bounded runtime checkpoint recovery > does not run or ack on a claim transport denial and recovers real redelivery  30505ms
   ✓ real bounded runtime checkpoint recovery > does not checkpoint or ack failed work and preserves automatic redelivery  325ms
   ✓ real bounded runtime checkpoint recovery > retains durable completion when the actual done callback fails  30571ms

 Test Files  1 passed (1)
      Tests  10 passed (10)
   Start at  18:15:39
   Duration  71.23s (transform 1.72s, setup 0ms, collect 1.74s, tests 69.21s, environment 0ms, prepare 78ms)

JUNIT report written to /home/user/workspace/electric-snapshot-upstream/packages/agents-runtime/junit/test-report.junit.xml
