CHRONICLE_BENCH_SCENARIO=append-only CHRONICLE_BENCH_MODE=replay CHRONICLE_BENCH_PHASE=replay-first CHRONICLE_BENCH_INDEX_BASE=0 CHRONICLE_BENCH_SAMPLES=1 CHRONICLE_BENCH_WARMUPS=1 pnpm test --run test/chronicle-process-wake-benchmark.test.ts


> @electric-ax/agents-runtime@0.6.3 test /home/user/workspace/electric-snapshot-upstream/packages/agents-runtime
> vitest run --run test/chronicle-process-wake-benchmark.test.ts


 RUN  v3.2.4 /home/user/workspace/electric-snapshot-upstream/packages/agents-runtime

{"level":30,"time":1791051808603,"msg":"[agent-runtime] Registered entity type: e2e"}
{"level":30,"time":1791051808604,"msg":"[agent-runtime] 1 entity types ready: e2e"}
{"level":30,"time":1791051808747,"msg":"[/e2e/bench-append-only-c70bf0b7-4064-4a6c-b593-efecd5804e55] wake received (epoch=1)"}
{"level":30,"time":1791051808770,"msg":"[/e2e/bench-append-only-c70bf0b7-4064-4a6c-b593-efecd5804e55] [sandbox] entity=/e2e/bench-append-only-c70bf0b7-4064-4a6c-b593-efecd5804e55 requested=(none) resolved=unrestricted cwd=/home/user/workspace/electric-snapshot-upstream/packages/agents-runtime"}
{"level":30,"time":1791051808777,"msg":"[/e2e/bench-append-only-c70bf0b7-4064-4a6c-b593-efecd5804e55] invoking handler wakeType=inbox wakeOffset=0000000000000000_0000000000000512 ackOffset=0000000000000000_0000000000000512 events=2 payloadType=object firstWake=false"}
{"level":30,"time":1791051808782,"msg":"[/e2e/bench-append-only-c70bf0b7-4064-4a6c-b593-efecd5804e55] handler returned"}
{"level":30,"time":1791051808850,"msg":"[/e2e/bench-append-only-c70bf0b7-4064-4a6c-b593-efecd5804e55] done acking /e2e/bench-append-only-c70bf0b7-4064-4a6c-b593-efecd5804e55/main at 0000000000000000_0000000000001207"}
{"level":30,"time":1791051808872,"msg":"[/e2e/bench-append-only-c70bf0b7-4064-4a6c-b593-efecd5804e55] wake done claimMs=15.08 preloadMs=18.51 handlerMs=4.09 httpMs=0 httpCount=0 totalMs=125.09"}
{"level":30,"time":1791051808911,"msg":"[/e2e/bench-append-only-c70bf0b7-4064-4a6c-b593-efecd5804e55] wake received (epoch=2)"}
{"level":30,"time":1791051808925,"msg":"[/e2e/bench-append-only-c70bf0b7-4064-4a6c-b593-efecd5804e55] [sandbox] entity=/e2e/bench-append-only-c70bf0b7-4064-4a6c-b593-efecd5804e55 requested=(none) resolved=unrestricted cwd=/home/user/workspace/electric-snapshot-upstream/packages/agents-runtime"}
{"level":30,"time":1791051808944,"msg":"[/e2e/bench-append-only-c70bf0b7-4064-4a6c-b593-efecd5804e55] done acking /e2e/bench-append-only-c70bf0b7-4064-4a6c-b593-efecd5804e55/main at 0000000000000000_0000000000038588"}
{"level":30,"time":1791051808962,"msg":"[/e2e/bench-append-only-c70bf0b7-4064-4a6c-b593-efecd5804e55] wake done claimMs=7.06 preloadMs=12.53 handlerMs=0 httpMs=0 httpCount=0 totalMs=50.45"}
{"level":30,"time":1791051809000,"msg":"[/e2e/bench-append-only-c70bf0b7-4064-4a6c-b593-efecd5804e55] wake received (epoch=3)"}
{"level":30,"time":1791051809016,"msg":"[/e2e/bench-append-only-c70bf0b7-4064-4a6c-b593-efecd5804e55] [sandbox] entity=/e2e/bench-append-only-c70bf0b7-4064-4a6c-b593-efecd5804e55 requested=(none) resolved=unrestricted cwd=/home/user/workspace/electric-snapshot-upstream/packages/agents-runtime"}
{"level":30,"time":1791051809017,"msg":"[/e2e/bench-append-only-c70bf0b7-4064-4a6c-b593-efecd5804e55] invoking handler wakeType=inbox wakeOffset=0000000000000000_0000000000038989 ackOffset=0000000000000000_0000000000038989 events=1 payloadType=object firstWake=false"}
{"level":30,"time":1791051809022,"msg":"[/e2e/bench-append-only-c70bf0b7-4064-4a6c-b593-efecd5804e55] handler returned"}
{"level":30,"time":1791051809100,"msg":"[/e2e/bench-append-only-c70bf0b7-4064-4a6c-b593-efecd5804e55] done acking /e2e/bench-append-only-c70bf0b7-4064-4a6c-b593-efecd5804e55/main at 0000000000000000_0000000000040363"}
{"level":30,"time":1791051809123,"msg":"[/e2e/bench-append-only-c70bf0b7-4064-4a6c-b593-efecd5804e55] wake done claimMs=7.43 preloadMs=14.55 handlerMs=4.52 httpMs=0 httpCount=0 totalMs=122.58"}
{"kind":"chronicle-process-wake-benchmark-sample","schemaVersion":1,"scenario":"append-only","mode":"replay","phase":"replay-first","phaseOrder":"replay,snapshot-checkpointed-inputs","sampleIndex":-1,"warmup":true,"status":"passed","entityUrl":"/e2e/bench-append-only-c70bf0b7-4064-4a6c-b593-efecd5804e55","sourceHash":"0e392bec990d12aa7451fa4fdec4661fcc7582dfa7a8af5a046c6c695bf0b0b3","sourceHashScope":"normalized deterministic semantic input and state-update events; excludes server-added envelope fields, offsets, and timestamps and is not an exact wire-history hash","sourceEventCount":302,"activation":{"scope":"after claimHeaders resolution at wake-received logging through successful done:true callback completion; includes snapshot lookup, recovery, handler writes, and ack; excludes trigger append and semantic validation","startedAtUnixMs":1791051808969,"totalMs":122.58,"claimMs":7.43,"preloadMs":14.55,"handlerMs":4.52},"snapshot":{"lookup":"not-requested","imageBytes":null,"cut":null,"publication":null},"recovery":{"contract":"bounded-checkpoint-v1","checkpointHit":false,"incarnation":null,"checkpointSourceCut":null,"stateCut":null,"processedThrough":null,"processedSeq":null,"suffixStartOffset":null,"sourceReads":[{"offset":"-1","nextOffset":"0000000000000000_0000000000038989","incarnation":null},{"offset":"0000000000000000_0000000000038989","nextOffset":"0000000000000000_0000000000039928","incarnation":"6bfb6f8e8587d98b1098632f7acf60f3"},{"offset":"0000000000000000_0000000000039928","nextOffset":"0000000000000000_0000000000040152","incarnation":"6bfb6f8e8587d98b1098632f7acf60f3"},{"offset":"0000000000000000_0000000000040152","nextOffset":"0000000000000000_0000000000040363","incarnation":"6bfb6f8e8587d98b1098632f7acf60f3"},{"offset":"0000000000000000_0000000000040363","nextOffset":null,"incarnation":"6bfb6f8e8587d98b1098632f7acf60f3"}],"fallbackReason":null},"traffic":{"scope":"single-counted source-gate request/response bodies admitted from before trigger append or held-webhook release through wake metrics; excludes callback-gate traffic and direct validation reads","total":{"requests":10,"requestBytes":1788,"responseBytes":40682},"snapshotLookup":{"requests":0,"requestBytes":0,"responseBytes":0},"snapshotPublication":{"requests":0,"requestBytes":0,"responseBytes":0},"fullReplay":{"requests":1,"requestBytes":0,"responseBytes":39297},"suffix":{"requests":0,"requestBytes":0,"responseBytes":0},"other":{"requests":9,"requestBytes":1788,"responseBytes":1385}},"resources":{"scope":"combined runtime handler, embedded agents-server, test and source-gate instrumentation Node process","cpuUserMicros":107036,"cpuSystemMicros":6308,"heapBeforeBytes":291042408,"heapAfterBytes":282622264,"peakHeapBytes":300847912,"rssBeforeBytes":456531968,"rssAfterBytes":459776000,"peakRssBytes":459776000,"samplingIntervalMs":2},"offsets":{"inputHead":"0000000000000000_0000000000040363","finalHead":"0000000000000000_0000000000040363","acked":"0000000000000000_0000000000040363"},"leaseState":{"phase":"idle","holder":"0","leaseUntilNs":"0"},"assertions":{"state":true,"hydratedState":true,"rawInputs":true,"persistedOutput":true,"exactPersistedOutputs":true,"activationCount":true,"ack":true,"release":true,"signal":null,"cancellation":null,"noPrefixReads":null},"validationTimed":false}
{"level":30,"time":1791051809214,"msg":"[/e2e/bench-append-only-3ad5f83f-f37d-49d3-a846-7f4eb3d09c19] wake received (epoch=1)"}
{"level":30,"time":1791051809225,"msg":"[/e2e/bench-append-only-3ad5f83f-f37d-49d3-a846-7f4eb3d09c19] [sandbox] entity=/e2e/bench-append-only-3ad5f83f-f37d-49d3-a846-7f4eb3d09c19 requested=(none) resolved=unrestricted cwd=/home/user/workspace/electric-snapshot-upstream/packages/agents-runtime"}
{"level":30,"time":1791051809226,"msg":"[/e2e/bench-append-only-3ad5f83f-f37d-49d3-a846-7f4eb3d09c19] invoking handler wakeType=inbox wakeOffset=0000000000000000_0000000000000512 ackOffset=0000000000000000_0000000000000512 events=2 payloadType=object firstWake=false"}
{"level":30,"time":1791051809227,"msg":"[/e2e/bench-append-only-3ad5f83f-f37d-49d3-a846-7f4eb3d09c19] handler returned"}
{"level":30,"time":1791051809275,"msg":"[/e2e/bench-append-only-3ad5f83f-f37d-49d3-a846-7f4eb3d09c19] done acking /e2e/bench-append-only-3ad5f83f-f37d-49d3-a846-7f4eb3d09c19/main at 0000000000000000_0000000000001207"}
{"level":30,"time":1791051809293,"msg":"[/e2e/bench-append-only-3ad5f83f-f37d-49d3-a846-7f4eb3d09c19] wake done claimMs=7.99 preloadMs=9.95 handlerMs=0.56 httpMs=0 httpCount=0 totalMs=78.37"}
{"level":30,"time":1791051809326,"msg":"[/e2e/bench-append-only-3ad5f83f-f37d-49d3-a846-7f4eb3d09c19] wake received (epoch=2)"}
{"level":30,"time":1791051809358,"msg":"[/e2e/bench-append-only-3ad5f83f-f37d-49d3-a846-7f4eb3d09c19] [sandbox] entity=/e2e/bench-append-only-3ad5f83f-f37d-49d3-a846-7f4eb3d09c19 requested=(none) resolved=unrestricted cwd=/home/user/workspace/electric-snapshot-upstream/packages/agents-runtime"}
{"level":30,"time":1791051809379,"msg":"[/e2e/bench-append-only-3ad5f83f-f37d-49d3-a846-7f4eb3d09c19] done acking /e2e/bench-append-only-3ad5f83f-f37d-49d3-a846-7f4eb3d09c19/main at 0000000000000000_0000000000038588"}
{"level":30,"time":1791051809399,"msg":"[/e2e/bench-append-only-3ad5f83f-f37d-49d3-a846-7f4eb3d09c19] wake done claimMs=7.31 preloadMs=30.78 handlerMs=0 httpMs=0 httpCount=0 totalMs=72.51"}
{"level":30,"time":1791051809443,"msg":"[/e2e/bench-append-only-3ad5f83f-f37d-49d3-a846-7f4eb3d09c19] wake received (epoch=3)"}
{"level":30,"time":1791051809456,"msg":"[/e2e/bench-append-only-3ad5f83f-f37d-49d3-a846-7f4eb3d09c19] [sandbox] entity=/e2e/bench-append-only-3ad5f83f-f37d-49d3-a846-7f4eb3d09c19 requested=(none) resolved=unrestricted cwd=/home/user/workspace/electric-snapshot-upstream/packages/agents-runtime"}
{"level":30,"time":1791051809456,"msg":"[/e2e/bench-append-only-3ad5f83f-f37d-49d3-a846-7f4eb3d09c19] invoking handler wakeType=inbox wakeOffset=0000000000000000_0000000000038989 ackOffset=0000000000000000_0000000000038989 events=1 payloadType=object firstWake=false"}
{"level":30,"time":1791051809457,"msg":"[/e2e/bench-append-only-3ad5f83f-f37d-49d3-a846-7f4eb3d09c19] handler returned"}
{"level":30,"time":1791051809517,"msg":"[/e2e/bench-append-only-3ad5f83f-f37d-49d3-a846-7f4eb3d09c19] done acking /e2e/bench-append-only-3ad5f83f-f37d-49d3-a846-7f4eb3d09c19/main at 0000000000000000_0000000000040363"}
{"level":30,"time":1791051809537,"msg":"[/e2e/bench-append-only-3ad5f83f-f37d-49d3-a846-7f4eb3d09c19] wake done claimMs=5.93 preloadMs=11.31 handlerMs=0.88 httpMs=0 httpCount=0 totalMs=93.56"}
{"kind":"chronicle-process-wake-benchmark-sample","schemaVersion":1,"scenario":"append-only","mode":"replay","phase":"replay-first","phaseOrder":"replay,snapshot-checkpointed-inputs","sampleIndex":0,"warmup":false,"status":"passed","entityUrl":"/e2e/bench-append-only-3ad5f83f-f37d-49d3-a846-7f4eb3d09c19","sourceHash":"0e392bec990d12aa7451fa4fdec4661fcc7582dfa7a8af5a046c6c695bf0b0b3","sourceHashScope":"normalized deterministic semantic input and state-update events; excludes server-added envelope fields, offsets, and timestamps and is not an exact wire-history hash","sourceEventCount":302,"activation":{"scope":"after claimHeaders resolution at wake-received logging through successful done:true callback completion; includes snapshot lookup, recovery, handler writes, and ack; excludes trigger append and semantic validation","startedAtUnixMs":1791051809415,"totalMs":93.56,"claimMs":5.93,"preloadMs":11.31,"handlerMs":0.88},"snapshot":{"lookup":"not-requested","imageBytes":null,"cut":null,"publication":null},"recovery":{"contract":"bounded-checkpoint-v1","checkpointHit":false,"incarnation":null,"checkpointSourceCut":null,"stateCut":null,"processedThrough":null,"processedSeq":null,"suffixStartOffset":null,"sourceReads":[{"offset":"-1","nextOffset":"0000000000000000_0000000000038989","incarnation":null},{"offset":"0000000000000000_0000000000038989","nextOffset":"0000000000000000_0000000000039928","incarnation":"0b451b5128ced619c21ab93a13a67ebe"},{"offset":"0000000000000000_0000000000039928","nextOffset":"0000000000000000_0000000000040152","incarnation":"0b451b5128ced619c21ab93a13a67ebe"},{"offset":"0000000000000000_0000000000040152","nextOffset":"0000000000000000_0000000000040363","incarnation":"0b451b5128ced619c21ab93a13a67ebe"},{"offset":"0000000000000000_0000000000040363","nextOffset":null,"incarnation":"0b451b5128ced619c21ab93a13a67ebe"}],"fallbackReason":null},"traffic":{"scope":"single-counted source-gate request/response bodies admitted from before trigger append or held-webhook release through wake metrics; excludes callback-gate traffic and direct validation reads","total":{"requests":10,"requestBytes":1788,"responseBytes":40682},"snapshotLookup":{"requests":0,"requestBytes":0,"responseBytes":0},"snapshotPublication":{"requests":0,"requestBytes":0,"responseBytes":0},"fullReplay":{"requests":1,"requestBytes":0,"responseBytes":39297},"suffix":{"requests":0,"requestBytes":0,"responseBytes":0},"other":{"requests":9,"requestBytes":1788,"responseBytes":1385}},"resources":{"scope":"combined runtime handler, embedded agents-server, test and source-gate instrumentation Node process","cpuUserMicros":73235,"cpuSystemMicros":3725,"heapBeforeBytes":284878976,"heapAfterBytes":297625488,"peakHeapBytes":297625488,"rssBeforeBytes":463560704,"rssAfterBytes":463831040,"peakRssBytes":463831040,"samplingIntervalMs":2},"offsets":{"inputHead":"0000000000000000_0000000000040363","finalHead":"0000000000000000_0000000000040363","acked":"0000000000000000_0000000000040363"},"leaseState":{"phase":"idle","holder":"0","leaseUntilNs":"0"},"assertions":{"state":true,"hydratedState":true,"rawInputs":true,"persistedOutput":true,"exactPersistedOutputs":true,"activationCount":true,"ack":true,"release":true,"signal":null,"cancellation":null,"noPrefixReads":null},"validationTimed":false}
 ✓ test/chronicle-process-wake-benchmark.test.ts (1 test) 36375ms
   ✓ real processWake cold activation benchmark > records fixed-history paired-mode samples  6375ms

 Test Files  1 passed (1)
      Tests  1 passed (1)
   Start at  18:23:21
   Duration  38.03s (transform 1.40s, setup 0ms, collect 1.40s, tests 36.37s, environment 0ms, prepare 88ms)

JUNIT report written to /home/user/workspace/electric-snapshot-upstream/packages/agents-runtime/junit/test-report.junit.xml

(node:556903) ExperimentalWarning: localStorage is not available because --localstorage-file was not provided.
(Use `node --trace-warnings ...` to show where the warning was created)
