CHRONICLE_BENCH_SCENARIO=append-only CHRONICLE_BENCH_MODE=replay CHRONICLE_BENCH_PHASE=snapshot-first CHRONICLE_BENCH_INDEX_BASE=1 CHRONICLE_BENCH_SAMPLES=1 CHRONICLE_BENCH_WARMUPS=1 pnpm test --run test/chronicle-process-wake-benchmark.test.ts


> @electric-ax/agents-runtime@0.6.3 test /home/user/workspace/electric-snapshot-upstream/packages/agents-runtime
> vitest run --run test/chronicle-process-wake-benchmark.test.ts


 RUN  v3.2.4 /home/user/workspace/electric-snapshot-upstream/packages/agents-runtime

{"level":30,"time":1791051923914,"msg":"[agent-runtime] Registered entity type: e2e"}
{"level":30,"time":1791051923915,"msg":"[agent-runtime] 1 entity types ready: e2e"}
{"level":30,"time":1791051924053,"msg":"[/e2e/bench-append-only-b962401f-dfc3-4a4c-9eab-4241072ce593] wake received (epoch=1)"}
{"level":30,"time":1791051924075,"msg":"[/e2e/bench-append-only-b962401f-dfc3-4a4c-9eab-4241072ce593] [sandbox] entity=/e2e/bench-append-only-b962401f-dfc3-4a4c-9eab-4241072ce593 requested=(none) resolved=unrestricted cwd=/home/user/workspace/electric-snapshot-upstream/packages/agents-runtime"}
{"level":30,"time":1791051924081,"msg":"[/e2e/bench-append-only-b962401f-dfc3-4a4c-9eab-4241072ce593] invoking handler wakeType=inbox wakeOffset=0000000000000000_0000000000000512 ackOffset=0000000000000000_0000000000000512 events=2 payloadType=object firstWake=false"}
{"level":30,"time":1791051924084,"msg":"[/e2e/bench-append-only-b962401f-dfc3-4a4c-9eab-4241072ce593] handler returned"}
{"level":30,"time":1791051924143,"msg":"[/e2e/bench-append-only-b962401f-dfc3-4a4c-9eab-4241072ce593] done acking /e2e/bench-append-only-b962401f-dfc3-4a4c-9eab-4241072ce593/main at 0000000000000000_0000000000001207"}
{"level":30,"time":1791051924165,"msg":"[/e2e/bench-append-only-b962401f-dfc3-4a4c-9eab-4241072ce593] wake done claimMs=12.72 preloadMs=17.85 handlerMs=3.09 httpMs=0 httpCount=0 totalMs=111.93"}
{"level":30,"time":1791051924198,"msg":"[/e2e/bench-append-only-b962401f-dfc3-4a4c-9eab-4241072ce593] wake received (epoch=2)"}
{"level":30,"time":1791051924214,"msg":"[/e2e/bench-append-only-b962401f-dfc3-4a4c-9eab-4241072ce593] [sandbox] entity=/e2e/bench-append-only-b962401f-dfc3-4a4c-9eab-4241072ce593 requested=(none) resolved=unrestricted cwd=/home/user/workspace/electric-snapshot-upstream/packages/agents-runtime"}
{"level":30,"time":1791051924231,"msg":"[/e2e/bench-append-only-b962401f-dfc3-4a4c-9eab-4241072ce593] done acking /e2e/bench-append-only-b962401f-dfc3-4a4c-9eab-4241072ce593/main at 0000000000000000_0000000000038588"}
{"level":30,"time":1791051924248,"msg":"[/e2e/bench-append-only-b962401f-dfc3-4a4c-9eab-4241072ce593] wake done claimMs=8.26 preloadMs=14.43 handlerMs=0 httpMs=0 httpCount=0 totalMs=50.02"}
{"level":30,"time":1791051924280,"msg":"[/e2e/bench-append-only-b962401f-dfc3-4a4c-9eab-4241072ce593] wake received (epoch=3)"}
{"level":30,"time":1791051924292,"msg":"[/e2e/bench-append-only-b962401f-dfc3-4a4c-9eab-4241072ce593] [sandbox] entity=/e2e/bench-append-only-b962401f-dfc3-4a4c-9eab-4241072ce593 requested=(none) resolved=unrestricted cwd=/home/user/workspace/electric-snapshot-upstream/packages/agents-runtime"}
{"level":30,"time":1791051924293,"msg":"[/e2e/bench-append-only-b962401f-dfc3-4a4c-9eab-4241072ce593] invoking handler wakeType=inbox wakeOffset=0000000000000000_0000000000038989 ackOffset=0000000000000000_0000000000038989 events=1 payloadType=object firstWake=false"}
{"level":30,"time":1791051924297,"msg":"[/e2e/bench-append-only-b962401f-dfc3-4a4c-9eab-4241072ce593] handler returned"}
{"level":30,"time":1791051924355,"msg":"[/e2e/bench-append-only-b962401f-dfc3-4a4c-9eab-4241072ce593] done acking /e2e/bench-append-only-b962401f-dfc3-4a4c-9eab-4241072ce593/main at 0000000000000000_0000000000040363"}
{"level":30,"time":1791051924372,"msg":"[/e2e/bench-append-only-b962401f-dfc3-4a4c-9eab-4241072ce593] wake done claimMs=5.26 preloadMs=11.45 handlerMs=4.15 httpMs=0 httpCount=0 totalMs=91.79"}
{"kind":"chronicle-process-wake-benchmark-sample","schemaVersion":1,"scenario":"append-only","mode":"replay","phase":"snapshot-first","phaseOrder":"snapshot-checkpointed-inputs,replay","sampleIndex":-1,"warmup":true,"status":"passed","entityUrl":"/e2e/bench-append-only-b962401f-dfc3-4a4c-9eab-4241072ce593","sourceHash":"0e392bec990d12aa7451fa4fdec4661fcc7582dfa7a8af5a046c6c695bf0b0b3","sourceHashScope":"normalized deterministic semantic input and state-update events; excludes server-added envelope fields, offsets, and timestamps and is not an exact wire-history hash","sourceEventCount":302,"activation":{"scope":"after claimHeaders resolution at wake-received logging through successful done:true callback completion; includes snapshot lookup, recovery, handler writes, and ack; excludes trigger append and semantic validation","startedAtUnixMs":1791051924254,"totalMs":91.79,"claimMs":5.26,"preloadMs":11.45,"handlerMs":4.15},"snapshot":{"lookup":"not-requested","imageBytes":null,"cut":null,"publication":null},"recovery":{"contract":"bounded-checkpoint-v1","checkpointHit":false,"incarnation":null,"checkpointSourceCut":null,"stateCut":null,"processedThrough":null,"processedSeq":null,"suffixStartOffset":null,"sourceReads":[{"offset":"-1","nextOffset":"0000000000000000_0000000000038989","incarnation":null},{"offset":"0000000000000000_0000000000038989","nextOffset":"0000000000000000_0000000000039928","incarnation":"05b1954993be073b56492303f8a01687"},{"offset":"0000000000000000_0000000000039928","nextOffset":"0000000000000000_0000000000040152","incarnation":"05b1954993be073b56492303f8a01687"},{"offset":"0000000000000000_0000000000040152","nextOffset":"0000000000000000_0000000000040363","incarnation":"05b1954993be073b56492303f8a01687"},{"offset":"0000000000000000_0000000000040363","nextOffset":null,"incarnation":"05b1954993be073b56492303f8a01687"}],"fallbackReason":null},"traffic":{"scope":"single-counted source-gate request/response bodies admitted from before trigger append or held-webhook release through wake metrics; excludes callback-gate traffic and direct validation reads","total":{"requests":10,"requestBytes":1788,"responseBytes":40682},"snapshotLookup":{"requests":0,"requestBytes":0,"responseBytes":0},"snapshotPublication":{"requests":0,"requestBytes":0,"responseBytes":0},"fullReplay":{"requests":1,"requestBytes":0,"responseBytes":39297},"suffix":{"requests":0,"requestBytes":0,"responseBytes":0},"other":{"requests":9,"requestBytes":1788,"responseBytes":1385}},"resources":{"scope":"combined runtime handler, embedded agents-server, test and source-gate instrumentation Node process","cpuUserMicros":83349,"cpuSystemMicros":1167,"heapBeforeBytes":96922320,"heapAfterBytes":110135944,"peakHeapBytes":110135944,"rssBeforeBytes":424882176,"rssAfterBytes":425152512,"peakRssBytes":425152512,"samplingIntervalMs":2},"offsets":{"inputHead":"0000000000000000_0000000000040363","finalHead":"0000000000000000_0000000000040363","acked":"0000000000000000_0000000000040363"},"leaseState":{"phase":"idle","holder":"0","leaseUntilNs":"0"},"assertions":{"state":true,"hydratedState":true,"rawInputs":true,"persistedOutput":true,"exactPersistedOutputs":true,"activationCount":true,"ack":true,"release":true,"signal":null,"cancellation":null,"noPrefixReads":null},"validationTimed":false}
{"level":30,"time":1791051924443,"msg":"[/e2e/bench-append-only-493aaa68-8c13-4208-8f0d-3ee21637cbb6] wake received (epoch=1)"}
{"level":30,"time":1791051924451,"msg":"[/e2e/bench-append-only-493aaa68-8c13-4208-8f0d-3ee21637cbb6] [sandbox] entity=/e2e/bench-append-only-493aaa68-8c13-4208-8f0d-3ee21637cbb6 requested=(none) resolved=unrestricted cwd=/home/user/workspace/electric-snapshot-upstream/packages/agents-runtime"}
{"level":30,"time":1791051924452,"msg":"[/e2e/bench-append-only-493aaa68-8c13-4208-8f0d-3ee21637cbb6] invoking handler wakeType=inbox wakeOffset=0000000000000000_0000000000000512 ackOffset=0000000000000000_0000000000000512 events=2 payloadType=object firstWake=false"}
{"level":30,"time":1791051924452,"msg":"[/e2e/bench-append-only-493aaa68-8c13-4208-8f0d-3ee21637cbb6] handler returned"}
{"level":30,"time":1791051924496,"msg":"[/e2e/bench-append-only-493aaa68-8c13-4208-8f0d-3ee21637cbb6] done acking /e2e/bench-append-only-493aaa68-8c13-4208-8f0d-3ee21637cbb6/main at 0000000000000000_0000000000001207"}
{"level":30,"time":1791051924511,"msg":"[/e2e/bench-append-only-493aaa68-8c13-4208-8f0d-3ee21637cbb6] wake done claimMs=6.58 preloadMs=8 handlerMs=0.36 httpMs=0 httpCount=0 totalMs=67.79"}
{"level":30,"time":1791051924539,"msg":"[/e2e/bench-append-only-493aaa68-8c13-4208-8f0d-3ee21637cbb6] wake received (epoch=2)"}
{"level":30,"time":1791051924554,"msg":"[/e2e/bench-append-only-493aaa68-8c13-4208-8f0d-3ee21637cbb6] [sandbox] entity=/e2e/bench-append-only-493aaa68-8c13-4208-8f0d-3ee21637cbb6 requested=(none) resolved=unrestricted cwd=/home/user/workspace/electric-snapshot-upstream/packages/agents-runtime"}
{"level":30,"time":1791051924571,"msg":"[/e2e/bench-append-only-493aaa68-8c13-4208-8f0d-3ee21637cbb6] done acking /e2e/bench-append-only-493aaa68-8c13-4208-8f0d-3ee21637cbb6/main at 0000000000000000_0000000000038588"}
{"level":30,"time":1791051924585,"msg":"[/e2e/bench-append-only-493aaa68-8c13-4208-8f0d-3ee21637cbb6] wake done claimMs=8.25 preloadMs=14.85 handlerMs=0 httpMs=0 httpCount=0 totalMs=46.37"}
{"level":30,"time":1791051924611,"msg":"[/e2e/bench-append-only-493aaa68-8c13-4208-8f0d-3ee21637cbb6] wake received (epoch=3)"}
{"level":30,"time":1791051924624,"msg":"[/e2e/bench-append-only-493aaa68-8c13-4208-8f0d-3ee21637cbb6] [sandbox] entity=/e2e/bench-append-only-493aaa68-8c13-4208-8f0d-3ee21637cbb6 requested=(none) resolved=unrestricted cwd=/home/user/workspace/electric-snapshot-upstream/packages/agents-runtime"}
{"level":30,"time":1791051924624,"msg":"[/e2e/bench-append-only-493aaa68-8c13-4208-8f0d-3ee21637cbb6] invoking handler wakeType=inbox wakeOffset=0000000000000000_0000000000038989 ackOffset=0000000000000000_0000000000038989 events=1 payloadType=object firstWake=false"}
{"level":30,"time":1791051924626,"msg":"[/e2e/bench-append-only-493aaa68-8c13-4208-8f0d-3ee21637cbb6] handler returned"}
{"level":30,"time":1791051924671,"msg":"[/e2e/bench-append-only-493aaa68-8c13-4208-8f0d-3ee21637cbb6] done acking /e2e/bench-append-only-493aaa68-8c13-4208-8f0d-3ee21637cbb6/main at 0000000000000000_0000000000040363"}
{"level":30,"time":1791051924688,"msg":"[/e2e/bench-append-only-493aaa68-8c13-4208-8f0d-3ee21637cbb6] wake done claimMs=7.06 preloadMs=11.76 handlerMs=1.02 httpMs=0 httpCount=0 totalMs=76.84"}
{"kind":"chronicle-process-wake-benchmark-sample","schemaVersion":1,"scenario":"append-only","mode":"replay","phase":"snapshot-first","phaseOrder":"snapshot-checkpointed-inputs,replay","sampleIndex":1,"warmup":false,"status":"passed","entityUrl":"/e2e/bench-append-only-493aaa68-8c13-4208-8f0d-3ee21637cbb6","sourceHash":"0e392bec990d12aa7451fa4fdec4661fcc7582dfa7a8af5a046c6c695bf0b0b3","sourceHashScope":"normalized deterministic semantic input and state-update events; excludes server-added envelope fields, offsets, and timestamps and is not an exact wire-history hash","sourceEventCount":302,"activation":{"scope":"after claimHeaders resolution at wake-received logging through successful done:true callback completion; includes snapshot lookup, recovery, handler writes, and ack; excludes trigger append and semantic validation","startedAtUnixMs":1791051924591,"totalMs":76.84,"claimMs":7.06,"preloadMs":11.76,"handlerMs":1.02},"snapshot":{"lookup":"not-requested","imageBytes":null,"cut":null,"publication":null},"recovery":{"contract":"bounded-checkpoint-v1","checkpointHit":false,"incarnation":null,"checkpointSourceCut":null,"stateCut":null,"processedThrough":null,"processedSeq":null,"suffixStartOffset":null,"sourceReads":[{"offset":"-1","nextOffset":"0000000000000000_0000000000038989","incarnation":null},{"offset":"0000000000000000_0000000000038989","nextOffset":"0000000000000000_0000000000039928","incarnation":"3625f758dc1249f708718336735128a4"},{"offset":"0000000000000000_0000000000039928","nextOffset":"0000000000000000_0000000000040152","incarnation":"3625f758dc1249f708718336735128a4"},{"offset":"0000000000000000_0000000000040152","nextOffset":"0000000000000000_0000000000040363","incarnation":"3625f758dc1249f708718336735128a4"},{"offset":"0000000000000000_0000000000040363","nextOffset":null,"incarnation":"3625f758dc1249f708718336735128a4"}],"fallbackReason":null},"traffic":{"scope":"single-counted source-gate request/response bodies admitted from before trigger append or held-webhook release through wake metrics; excludes callback-gate traffic and direct validation reads","total":{"requests":10,"requestBytes":1788,"responseBytes":40682},"snapshotLookup":{"requests":0,"requestBytes":0,"responseBytes":0},"snapshotPublication":{"requests":0,"requestBytes":0,"responseBytes":0},"fullReplay":{"requests":1,"requestBytes":0,"responseBytes":39297},"suffix":{"requests":0,"requestBytes":0,"responseBytes":0},"other":{"requests":9,"requestBytes":1788,"responseBytes":1385}},"resources":{"scope":"combined runtime handler, embedded agents-server, test and source-gate instrumentation Node process","cpuUserMicros":72320,"cpuSystemMicros":4982,"heapBeforeBytes":112743992,"heapAfterBytes":103741584,"peakHeapBytes":123891040,"rssBeforeBytes":425963520,"rssAfterBytes":425963520,"peakRssBytes":425963520,"samplingIntervalMs":2},"offsets":{"inputHead":"0000000000000000_0000000000040363","finalHead":"0000000000000000_0000000000040363","acked":"0000000000000000_0000000000040363"},"leaseState":{"phase":"idle","holder":"0","leaseUntilNs":"0"},"assertions":{"state":true,"hydratedState":true,"rawInputs":true,"persistedOutput":true,"exactPersistedOutputs":true,"activationCount":true,"ack":true,"release":true,"signal":null,"cancellation":null,"noPrefixReads":null},"validationTimed":false}
 ✓ test/chronicle-process-wake-benchmark.test.ts (1 test) 35681ms
   ✓ real processWake cold activation benchmark > records fixed-history paired-mode samples  5681ms

 Test Files  1 passed (1)
      Tests  1 passed (1)
   Start at  18:25:17
   Duration  37.42s (transform 1.38s, setup 0ms, collect 1.48s, tests 35.68s, environment 0ms, prepare 83ms)

JUNIT report written to /home/user/workspace/electric-snapshot-upstream/packages/agents-runtime/junit/test-report.junit.xml

(node:559658) ExperimentalWarning: localStorage is not available because --localstorage-file was not provided.
(Use `node --trace-warnings ...` to show where the warning was created)
