CHRONICLE_BENCH_SCENARIO=update-heavy CHRONICLE_BENCH_MODE=replay CHRONICLE_BENCH_PHASE=replay-first CHRONICLE_BENCH_INDEX_BASE=0 CHRONICLE_BENCH_SAMPLES=1 CHRONICLE_BENCH_WARMUPS=1 pnpm test --run test/chronicle-process-wake-benchmark.test.ts


> @electric-ax/agents-runtime@0.6.3 test /home/user/workspace/electric-snapshot-upstream/packages/agents-runtime
> vitest run --run test/chronicle-process-wake-benchmark.test.ts


 RUN  v3.2.4 /home/user/workspace/electric-snapshot-upstream/packages/agents-runtime

{"level":30,"time":1791051655583,"msg":"[agent-runtime] Registered entity type: e2e"}
{"level":30,"time":1791051655583,"msg":"[agent-runtime] 1 entity types ready: e2e"}
{"level":30,"time":1791051655710,"msg":"[/e2e/bench-update-heavy-ec4596be-e1c2-42fe-8a94-55ae136f1cb5] wake received (epoch=1)"}
{"level":30,"time":1791051655738,"msg":"[/e2e/bench-update-heavy-ec4596be-e1c2-42fe-8a94-55ae136f1cb5] [sandbox] entity=/e2e/bench-update-heavy-ec4596be-e1c2-42fe-8a94-55ae136f1cb5 requested=(none) resolved=unrestricted cwd=/home/user/workspace/electric-snapshot-upstream/packages/agents-runtime"}
{"level":30,"time":1791051655747,"msg":"[/e2e/bench-update-heavy-ec4596be-e1c2-42fe-8a94-55ae136f1cb5] invoking handler wakeType=inbox wakeOffset=0000000000000000_0000000000000513 ackOffset=0000000000000000_0000000000000513 events=2 payloadType=object firstWake=false"}
{"level":30,"time":1791051655751,"msg":"[/e2e/bench-update-heavy-ec4596be-e1c2-42fe-8a94-55ae136f1cb5] handler returned"}
{"level":30,"time":1791051655793,"msg":"[/e2e/bench-update-heavy-ec4596be-e1c2-42fe-8a94-55ae136f1cb5] done acking /e2e/bench-update-heavy-ec4596be-e1c2-42fe-8a94-55ae136f1cb5/main at 0000000000000000_0000000000000991"}
{"level":30,"time":1791051655812,"msg":"[/e2e/bench-update-heavy-ec4596be-e1c2-42fe-8a94-55ae136f1cb5] wake done claimMs=17.48 preloadMs=23.77 handlerMs=3.54 httpMs=0 httpCount=0 totalMs=101.38"}
{"level":30,"time":1791051655846,"msg":"[/e2e/bench-update-heavy-ec4596be-e1c2-42fe-8a94-55ae136f1cb5] wake received (epoch=2)"}
{"level":30,"time":1791051655871,"msg":"[/e2e/bench-update-heavy-ec4596be-e1c2-42fe-8a94-55ae136f1cb5] [sandbox] entity=/e2e/bench-update-heavy-ec4596be-e1c2-42fe-8a94-55ae136f1cb5 requested=(none) resolved=unrestricted cwd=/home/user/workspace/electric-snapshot-upstream/packages/agents-runtime"}
{"level":30,"time":1791051655888,"msg":"[/e2e/bench-update-heavy-ec4596be-e1c2-42fe-8a94-55ae136f1cb5] done acking /e2e/bench-update-heavy-ec4596be-e1c2-42fe-8a94-55ae136f1cb5/main at 0000000000000000_0000000000080464"}
{"level":30,"time":1791051655905,"msg":"[/e2e/bench-update-heavy-ec4596be-e1c2-42fe-8a94-55ae136f1cb5] wake done claimMs=16.8 preloadMs=24.17 handlerMs=0 httpMs=0 httpCount=0 totalMs=59.04"}
{"level":30,"time":1791051655933,"msg":"[/e2e/bench-update-heavy-ec4596be-e1c2-42fe-8a94-55ae136f1cb5] wake received (epoch=3)"}
{"level":30,"time":1791051655946,"msg":"[/e2e/bench-update-heavy-ec4596be-e1c2-42fe-8a94-55ae136f1cb5] [sandbox] entity=/e2e/bench-update-heavy-ec4596be-e1c2-42fe-8a94-55ae136f1cb5 requested=(none) resolved=unrestricted cwd=/home/user/workspace/electric-snapshot-upstream/packages/agents-runtime"}
{"level":30,"time":1791051655947,"msg":"[/e2e/bench-update-heavy-ec4596be-e1c2-42fe-8a94-55ae136f1cb5] invoking handler wakeType=inbox wakeOffset=0000000000000000_0000000000080865 ackOffset=0000000000000000_0000000000080865 events=1 payloadType=object firstWake=false"}
{"level":30,"time":1791051655950,"msg":"[/e2e/bench-update-heavy-ec4596be-e1c2-42fe-8a94-55ae136f1cb5] handler returned"}
{"level":30,"time":1791051655995,"msg":"[/e2e/bench-update-heavy-ec4596be-e1c2-42fe-8a94-55ae136f1cb5] done acking /e2e/bench-update-heavy-ec4596be-e1c2-42fe-8a94-55ae136f1cb5/main at 0000000000000000_0000000000082016"}
{"level":30,"time":1791051656015,"msg":"[/e2e/bench-update-heavy-ec4596be-e1c2-42fe-8a94-55ae136f1cb5] wake done claimMs=12.35 preloadMs=11.93 handlerMs=2.64 httpMs=0 httpCount=0 totalMs=81.88"}
{"kind":"chronicle-process-wake-benchmark-sample","schemaVersion":1,"scenario":"update-heavy","mode":"replay","phase":"replay-first","phaseOrder":"replay,snapshot-checkpointed-inputs","sampleIndex":-1,"warmup":true,"status":"passed","entityUrl":"/e2e/bench-update-heavy-ec4596be-e1c2-42fe-8a94-55ae136f1cb5","sourceHash":"c3f0251279651a347c7d6544421bcc58caa7ab13b07956188b163e7d490f6392","sourceHashScope":"normalized deterministic semantic input and state-update events; excludes server-added envelope fields, offsets, and timestamps and is not an exact wire-history hash","sourceEventCount":502,"activation":{"scope":"after claimHeaders resolution at wake-received logging through successful done:true callback completion; includes snapshot lookup, recovery, handler writes, and ack; excludes trigger append and semantic validation","startedAtUnixMs":1791051655913,"totalMs":81.88,"claimMs":12.35,"preloadMs":11.93,"handlerMs":2.64},"snapshot":{"lookup":"not-requested","imageBytes":null,"cut":null,"publication":null},"recovery":{"contract":"bounded-checkpoint-v1","checkpointHit":false,"incarnation":null,"checkpointSourceCut":null,"stateCut":null,"processedThrough":null,"processedSeq":null,"suffixStartOffset":null,"sourceReads":[{"offset":"-1","nextOffset":"0000000000000000_0000000000080865","incarnation":null},{"offset":"0000000000000000_0000000000080865","nextOffset":"0000000000000000_0000000000081805","incarnation":"d1baddc7312501597b18bb7113bfef13"},{"offset":"0000000000000000_0000000000081805","nextOffset":"0000000000000000_0000000000082016","incarnation":"d1baddc7312501597b18bb7113bfef13"},{"offset":"0000000000000000_0000000000082016","nextOffset":null,"incarnation":"d1baddc7312501597b18bb7113bfef13"}],"fallbackReason":null},"traffic":{"scope":"single-counted source-gate request/response bodies admitted from before trigger append or held-webhook release through wake metrics; excludes callback-gate traffic and direct validation reads","total":{"requests":8,"requestBytes":1563,"responseBytes":82532},"snapshotLookup":{"requests":0,"requestBytes":0,"responseBytes":0},"snapshotPublication":{"requests":0,"requestBytes":0,"responseBytes":0},"fullReplay":{"requests":1,"requestBytes":0,"responseBytes":81372},"suffix":{"requests":0,"requestBytes":0,"responseBytes":0},"other":{"requests":7,"requestBytes":1563,"responseBytes":1160}},"resources":{"scope":"combined runtime handler, embedded agents-server, test and source-gate instrumentation Node process","cpuUserMicros":52436,"cpuSystemMicros":15825,"heapBeforeBytes":115631208,"heapAfterBytes":123073848,"peakHeapBytes":123073848,"rssBeforeBytes":418979840,"rssAfterBytes":419520512,"peakRssBytes":419520512,"samplingIntervalMs":2},"offsets":{"inputHead":"0000000000000000_0000000000082016","finalHead":"0000000000000000_0000000000082016","acked":"0000000000000000_0000000000082016"},"leaseState":{"phase":"idle","holder":"0","leaseUntilNs":"0"},"assertions":{"state":true,"hydratedState":true,"rawInputs":true,"persistedOutput":true,"exactPersistedOutputs":true,"activationCount":true,"ack":true,"release":true,"signal":null,"cancellation":null,"noPrefixReads":null},"validationTimed":false}
{"level":30,"time":1791051656103,"msg":"[/e2e/bench-update-heavy-2d7a6c2f-f2bc-4542-972d-4481ca3cd4d6] wake received (epoch=1)"}
{"level":30,"time":1791051656113,"msg":"[/e2e/bench-update-heavy-2d7a6c2f-f2bc-4542-972d-4481ca3cd4d6] [sandbox] entity=/e2e/bench-update-heavy-2d7a6c2f-f2bc-4542-972d-4481ca3cd4d6 requested=(none) resolved=unrestricted cwd=/home/user/workspace/electric-snapshot-upstream/packages/agents-runtime"}
{"level":30,"time":1791051656114,"msg":"[/e2e/bench-update-heavy-2d7a6c2f-f2bc-4542-972d-4481ca3cd4d6] invoking handler wakeType=inbox wakeOffset=0000000000000000_0000000000000513 ackOffset=0000000000000000_0000000000000513 events=2 payloadType=object firstWake=false"}
{"level":30,"time":1791051656114,"msg":"[/e2e/bench-update-heavy-2d7a6c2f-f2bc-4542-972d-4481ca3cd4d6] handler returned"}
{"level":30,"time":1791051656145,"msg":"[/e2e/bench-update-heavy-2d7a6c2f-f2bc-4542-972d-4481ca3cd4d6] done acking /e2e/bench-update-heavy-2d7a6c2f-f2bc-4542-972d-4481ca3cd4d6/main at 0000000000000000_0000000000000991"}
{"level":30,"time":1791051656163,"msg":"[/e2e/bench-update-heavy-2d7a6c2f-f2bc-4542-972d-4481ca3cd4d6] wake done claimMs=6.62 preloadMs=9.39 handlerMs=0.35 httpMs=0 httpCount=0 totalMs=59.87"}
{"level":30,"time":1791051656204,"msg":"[/e2e/bench-update-heavy-2d7a6c2f-f2bc-4542-972d-4481ca3cd4d6] wake received (epoch=2)"}
{"level":30,"time":1791051656219,"msg":"[/e2e/bench-update-heavy-2d7a6c2f-f2bc-4542-972d-4481ca3cd4d6] [sandbox] entity=/e2e/bench-update-heavy-2d7a6c2f-f2bc-4542-972d-4481ca3cd4d6 requested=(none) resolved=unrestricted cwd=/home/user/workspace/electric-snapshot-upstream/packages/agents-runtime"}
{"level":30,"time":1791051656239,"msg":"[/e2e/bench-update-heavy-2d7a6c2f-f2bc-4542-972d-4481ca3cd4d6] done acking /e2e/bench-update-heavy-2d7a6c2f-f2bc-4542-972d-4481ca3cd4d6/main at 0000000000000000_0000000000080464"}
{"level":30,"time":1791051656260,"msg":"[/e2e/bench-update-heavy-2d7a6c2f-f2bc-4542-972d-4481ca3cd4d6] wake done claimMs=7.98 preloadMs=14.65 handlerMs=0 httpMs=0 httpCount=0 totalMs=56.42"}
{"level":30,"time":1791051656292,"msg":"[/e2e/bench-update-heavy-2d7a6c2f-f2bc-4542-972d-4481ca3cd4d6] wake received (epoch=3)"}
{"level":30,"time":1791051656305,"msg":"[/e2e/bench-update-heavy-2d7a6c2f-f2bc-4542-972d-4481ca3cd4d6] [sandbox] entity=/e2e/bench-update-heavy-2d7a6c2f-f2bc-4542-972d-4481ca3cd4d6 requested=(none) resolved=unrestricted cwd=/home/user/workspace/electric-snapshot-upstream/packages/agents-runtime"}
{"level":30,"time":1791051656305,"msg":"[/e2e/bench-update-heavy-2d7a6c2f-f2bc-4542-972d-4481ca3cd4d6] invoking handler wakeType=inbox wakeOffset=0000000000000000_0000000000080865 ackOffset=0000000000000000_0000000000080865 events=1 payloadType=object firstWake=false"}
{"level":30,"time":1791051656306,"msg":"[/e2e/bench-update-heavy-2d7a6c2f-f2bc-4542-972d-4481ca3cd4d6] handler returned"}
{"level":30,"time":1791051656343,"msg":"[/e2e/bench-update-heavy-2d7a6c2f-f2bc-4542-972d-4481ca3cd4d6] done acking /e2e/bench-update-heavy-2d7a6c2f-f2bc-4542-972d-4481ca3cd4d6/main at 0000000000000000_0000000000082016"}
{"level":30,"time":1791051656358,"msg":"[/e2e/bench-update-heavy-2d7a6c2f-f2bc-4542-972d-4481ca3cd4d6] wake done claimMs=6.93 preloadMs=11.23 handlerMs=0.76 httpMs=0 httpCount=0 totalMs=65.61"}
{"kind":"chronicle-process-wake-benchmark-sample","schemaVersion":1,"scenario":"update-heavy","mode":"replay","phase":"replay-first","phaseOrder":"replay,snapshot-checkpointed-inputs","sampleIndex":0,"warmup":false,"status":"passed","entityUrl":"/e2e/bench-update-heavy-2d7a6c2f-f2bc-4542-972d-4481ca3cd4d6","sourceHash":"c3f0251279651a347c7d6544421bcc58caa7ab13b07956188b163e7d490f6392","sourceHashScope":"normalized deterministic semantic input and state-update events; excludes server-added envelope fields, offsets, and timestamps and is not an exact wire-history hash","sourceEventCount":502,"activation":{"scope":"after claimHeaders resolution at wake-received logging through successful done:true callback completion; includes snapshot lookup, recovery, handler writes, and ack; excludes trigger append and semantic validation","startedAtUnixMs":1791051656268,"totalMs":65.61,"claimMs":6.93,"preloadMs":11.23,"handlerMs":0.76},"snapshot":{"lookup":"not-requested","imageBytes":null,"cut":null,"publication":null},"recovery":{"contract":"bounded-checkpoint-v1","checkpointHit":false,"incarnation":null,"checkpointSourceCut":null,"stateCut":null,"processedThrough":null,"processedSeq":null,"suffixStartOffset":null,"sourceReads":[{"offset":"-1","nextOffset":"0000000000000000_0000000000080865","incarnation":null},{"offset":"0000000000000000_0000000000080865","nextOffset":"0000000000000000_0000000000081805","incarnation":"258442b1e54604ab969371abfcc5ac30"},{"offset":"0000000000000000_0000000000081805","nextOffset":"0000000000000000_0000000000082016","incarnation":"258442b1e54604ab969371abfcc5ac30"},{"offset":"0000000000000000_0000000000082016","nextOffset":null,"incarnation":"258442b1e54604ab969371abfcc5ac30"}],"fallbackReason":null},"traffic":{"scope":"single-counted source-gate request/response bodies admitted from before trigger append or held-webhook release through wake metrics; excludes callback-gate traffic and direct validation reads","total":{"requests":8,"requestBytes":1563,"responseBytes":82532},"snapshotLookup":{"requests":0,"requestBytes":0,"responseBytes":0},"snapshotPublication":{"requests":0,"requestBytes":0,"responseBytes":0},"fullReplay":{"requests":1,"requestBytes":0,"responseBytes":81372},"suffix":{"requests":0,"requestBytes":0,"responseBytes":0},"other":{"requests":7,"requestBytes":1563,"responseBytes":1160}},"resources":{"scope":"combined runtime handler, embedded agents-server, test and source-gate instrumentation Node process","cpuUserMicros":48992,"cpuSystemMicros":5910,"heapBeforeBytes":121794224,"heapAfterBytes":128869200,"peakHeapBytes":128869200,"rssBeforeBytes":419790848,"rssAfterBytes":420061184,"peakRssBytes":420061184,"samplingIntervalMs":2},"offsets":{"inputHead":"0000000000000000_0000000000082016","finalHead":"0000000000000000_0000000000082016","acked":"0000000000000000_0000000000082016"},"leaseState":{"phase":"idle","holder":"0","leaseUntilNs":"0"},"assertions":{"state":true,"hydratedState":true,"rawInputs":true,"persistedOutput":true,"exactPersistedOutputs":true,"activationCount":true,"ack":true,"release":true,"signal":null,"cancellation":null,"noPrefixReads":null},"validationTimed":false}
 ✓ test/chronicle-process-wake-benchmark.test.ts (1 test) 35631ms
   ✓ real processWake cold activation benchmark > records fixed-history paired-mode samples  5628ms

 Test Files  1 passed (1)
      Tests  1 passed (1)
   Start at  18:20:49
   Duration  37.35s (transform 1.35s, setup 0ms, collect 1.49s, tests 35.63s, environment 0ms, prepare 64ms)

JUNIT report written to /home/user/workspace/electric-snapshot-upstream/packages/agents-runtime/junit/test-report.junit.xml

(node:553173) ExperimentalWarning: localStorage is not available because --localstorage-file was not provided.
(Use `node --trace-warnings ...` to show where the warning was created)
