CHRONICLE_BENCH_SCENARIO=update-heavy CHRONICLE_BENCH_MODE=replay CHRONICLE_BENCH_PHASE=snapshot-first CHRONICLE_BENCH_INDEX_BASE=1 CHRONICLE_BENCH_SAMPLES=1 CHRONICLE_BENCH_WARMUPS=1 pnpm test --run test/chronicle-process-wake-benchmark.test.ts


> @electric-ax/agents-runtime@0.6.3 test /home/user/workspace/electric-snapshot-upstream/packages/agents-runtime
> vitest run --run test/chronicle-process-wake-benchmark.test.ts


 RUN  v3.2.4 /home/user/workspace/electric-snapshot-upstream/packages/agents-runtime

{"level":30,"time":1791051769968,"msg":"[agent-runtime] Registered entity type: e2e"}
{"level":30,"time":1791051769968,"msg":"[agent-runtime] 1 entity types ready: e2e"}
{"level":30,"time":1791051770127,"msg":"[/e2e/bench-update-heavy-c319701e-ca8e-42a4-8436-388b04c9bd9a] wake received (epoch=1)"}
{"level":30,"time":1791051770151,"msg":"[/e2e/bench-update-heavy-c319701e-ca8e-42a4-8436-388b04c9bd9a] [sandbox] entity=/e2e/bench-update-heavy-c319701e-ca8e-42a4-8436-388b04c9bd9a requested=(none) resolved=unrestricted cwd=/home/user/workspace/electric-snapshot-upstream/packages/agents-runtime"}
{"level":30,"time":1791051770159,"msg":"[/e2e/bench-update-heavy-c319701e-ca8e-42a4-8436-388b04c9bd9a] invoking handler wakeType=inbox wakeOffset=0000000000000000_0000000000000513 ackOffset=0000000000000000_0000000000000513 events=2 payloadType=object firstWake=false"}
{"level":30,"time":1791051770163,"msg":"[/e2e/bench-update-heavy-c319701e-ca8e-42a4-8436-388b04c9bd9a] handler returned"}
{"level":30,"time":1791051770218,"msg":"[/e2e/bench-update-heavy-c319701e-ca8e-42a4-8436-388b04c9bd9a] done acking /e2e/bench-update-heavy-c319701e-ca8e-42a4-8436-388b04c9bd9a/main at 0000000000000000_0000000000000991"}
{"level":30,"time":1791051770244,"msg":"[/e2e/bench-update-heavy-c319701e-ca8e-42a4-8436-388b04c9bd9a] wake done claimMs=13.45 preloadMs=19.55 handlerMs=3.66 httpMs=0 httpCount=0 totalMs=116.63"}
{"level":30,"time":1791051770281,"msg":"[/e2e/bench-update-heavy-c319701e-ca8e-42a4-8436-388b04c9bd9a] wake received (epoch=2)"}
{"level":30,"time":1791051770298,"msg":"[/e2e/bench-update-heavy-c319701e-ca8e-42a4-8436-388b04c9bd9a] [sandbox] entity=/e2e/bench-update-heavy-c319701e-ca8e-42a4-8436-388b04c9bd9a requested=(none) resolved=unrestricted cwd=/home/user/workspace/electric-snapshot-upstream/packages/agents-runtime"}
{"level":30,"time":1791051770325,"msg":"[/e2e/bench-update-heavy-c319701e-ca8e-42a4-8436-388b04c9bd9a] done acking /e2e/bench-update-heavy-c319701e-ca8e-42a4-8436-388b04c9bd9a/main at 0000000000000000_0000000000080464"}
{"level":30,"time":1791051770342,"msg":"[/e2e/bench-update-heavy-c319701e-ca8e-42a4-8436-388b04c9bd9a] wake done claimMs=7.82 preloadMs=15.97 handlerMs=0 httpMs=0 httpCount=0 totalMs=60.76"}
{"level":30,"time":1791051770379,"msg":"[/e2e/bench-update-heavy-c319701e-ca8e-42a4-8436-388b04c9bd9a] wake received (epoch=3)"}
{"level":30,"time":1791051770392,"msg":"[/e2e/bench-update-heavy-c319701e-ca8e-42a4-8436-388b04c9bd9a] [sandbox] entity=/e2e/bench-update-heavy-c319701e-ca8e-42a4-8436-388b04c9bd9a requested=(none) resolved=unrestricted cwd=/home/user/workspace/electric-snapshot-upstream/packages/agents-runtime"}
{"level":30,"time":1791051770392,"msg":"[/e2e/bench-update-heavy-c319701e-ca8e-42a4-8436-388b04c9bd9a] invoking handler wakeType=inbox wakeOffset=0000000000000000_0000000000080865 ackOffset=0000000000000000_0000000000080865 events=1 payloadType=object firstWake=false"}
{"level":30,"time":1791051770395,"msg":"[/e2e/bench-update-heavy-c319701e-ca8e-42a4-8436-388b04c9bd9a] handler returned"}
{"level":30,"time":1791051770434,"msg":"[/e2e/bench-update-heavy-c319701e-ca8e-42a4-8436-388b04c9bd9a] done acking /e2e/bench-update-heavy-c319701e-ca8e-42a4-8436-388b04c9bd9a/main at 0000000000000000_0000000000082016"}
{"level":30,"time":1791051770452,"msg":"[/e2e/bench-update-heavy-c319701e-ca8e-42a4-8436-388b04c9bd9a] wake done claimMs=5.93 preloadMs=11.54 handlerMs=2.67 httpMs=0 httpCount=0 totalMs=72.46"}
{"kind":"chronicle-process-wake-benchmark-sample","schemaVersion":1,"scenario":"update-heavy","mode":"replay","phase":"snapshot-first","phaseOrder":"snapshot-checkpointed-inputs,replay","sampleIndex":-1,"warmup":true,"status":"passed","entityUrl":"/e2e/bench-update-heavy-c319701e-ca8e-42a4-8436-388b04c9bd9a","sourceHash":"c3f0251279651a347c7d6544421bcc58caa7ab13b07956188b163e7d490f6392","sourceHashScope":"normalized deterministic semantic input and state-update events; excludes server-added envelope fields, offsets, and timestamps and is not an exact wire-history hash","sourceEventCount":502,"activation":{"scope":"after claimHeaders resolution at wake-received logging through successful done:true callback completion; includes snapshot lookup, recovery, handler writes, and ack; excludes trigger append and semantic validation","startedAtUnixMs":1791051770351,"totalMs":72.46,"claimMs":5.93,"preloadMs":11.54,"handlerMs":2.67},"snapshot":{"lookup":"not-requested","imageBytes":null,"cut":null,"publication":null},"recovery":{"contract":"bounded-checkpoint-v1","checkpointHit":false,"incarnation":null,"checkpointSourceCut":null,"stateCut":null,"processedThrough":null,"processedSeq":null,"suffixStartOffset":null,"sourceReads":[{"offset":"-1","nextOffset":"0000000000000000_0000000000080865","incarnation":null},{"offset":"0000000000000000_0000000000080865","nextOffset":"0000000000000000_0000000000081805","incarnation":"fc13ec454365f667795a68b1c52790f6"},{"offset":"0000000000000000_0000000000081805","nextOffset":"0000000000000000_0000000000082016","incarnation":"fc13ec454365f667795a68b1c52790f6"},{"offset":"0000000000000000_0000000000082016","nextOffset":null,"incarnation":"fc13ec454365f667795a68b1c52790f6"}],"fallbackReason":null},"traffic":{"scope":"single-counted source-gate request/response bodies admitted from before trigger append or held-webhook release through wake metrics; excludes callback-gate traffic and direct validation reads","total":{"requests":8,"requestBytes":1563,"responseBytes":82532},"snapshotLookup":{"requests":0,"requestBytes":0,"responseBytes":0},"snapshotPublication":{"requests":0,"requestBytes":0,"responseBytes":0},"fullReplay":{"requests":1,"requestBytes":0,"responseBytes":81372},"suffix":{"requests":0,"requestBytes":0,"responseBytes":0},"other":{"requests":7,"requestBytes":1563,"responseBytes":1160}},"resources":{"scope":"combined runtime handler, embedded agents-server, test and source-gate instrumentation Node process","cpuUserMicros":55498,"cpuSystemMicros":7635,"heapBeforeBytes":105477424,"heapAfterBytes":112897840,"peakHeapBytes":112897840,"rssBeforeBytes":427048960,"rssAfterBytes":427048960,"peakRssBytes":427048960,"samplingIntervalMs":2},"offsets":{"inputHead":"0000000000000000_0000000000082016","finalHead":"0000000000000000_0000000000082016","acked":"0000000000000000_0000000000082016"},"leaseState":{"phase":"idle","holder":"0","leaseUntilNs":"0"},"assertions":{"state":true,"hydratedState":true,"rawInputs":true,"persistedOutput":true,"exactPersistedOutputs":true,"activationCount":true,"ack":true,"release":true,"signal":null,"cancellation":null,"noPrefixReads":null},"validationTimed":false}
{"level":30,"time":1791051770539,"msg":"[/e2e/bench-update-heavy-86717f64-d001-4c18-95d1-adae59691f18] wake received (epoch=1)"}
{"level":30,"time":1791051770551,"msg":"[/e2e/bench-update-heavy-86717f64-d001-4c18-95d1-adae59691f18] [sandbox] entity=/e2e/bench-update-heavy-86717f64-d001-4c18-95d1-adae59691f18 requested=(none) resolved=unrestricted cwd=/home/user/workspace/electric-snapshot-upstream/packages/agents-runtime"}
{"level":30,"time":1791051770551,"msg":"[/e2e/bench-update-heavy-86717f64-d001-4c18-95d1-adae59691f18] invoking handler wakeType=inbox wakeOffset=0000000000000000_0000000000000513 ackOffset=0000000000000000_0000000000000513 events=2 payloadType=object firstWake=false"}
{"level":30,"time":1791051770552,"msg":"[/e2e/bench-update-heavy-86717f64-d001-4c18-95d1-adae59691f18] handler returned"}
{"level":30,"time":1791051770585,"msg":"[/e2e/bench-update-heavy-86717f64-d001-4c18-95d1-adae59691f18] done acking /e2e/bench-update-heavy-86717f64-d001-4c18-95d1-adae59691f18/main at 0000000000000000_0000000000000991"}
{"level":30,"time":1791051770607,"msg":"[/e2e/bench-update-heavy-86717f64-d001-4c18-95d1-adae59691f18] wake done claimMs=7.99 preloadMs=10.77 handlerMs=0.43 httpMs=0 httpCount=0 totalMs=67.65"}
{"level":30,"time":1791051770646,"msg":"[/e2e/bench-update-heavy-86717f64-d001-4c18-95d1-adae59691f18] wake received (epoch=2)"}
{"level":30,"time":1791051770664,"msg":"[/e2e/bench-update-heavy-86717f64-d001-4c18-95d1-adae59691f18] [sandbox] entity=/e2e/bench-update-heavy-86717f64-d001-4c18-95d1-adae59691f18 requested=(none) resolved=unrestricted cwd=/home/user/workspace/electric-snapshot-upstream/packages/agents-runtime"}
{"level":30,"time":1791051770692,"msg":"[/e2e/bench-update-heavy-86717f64-d001-4c18-95d1-adae59691f18] done acking /e2e/bench-update-heavy-86717f64-d001-4c18-95d1-adae59691f18/main at 0000000000000000_0000000000080464"}
{"level":30,"time":1791051770716,"msg":"[/e2e/bench-update-heavy-86717f64-d001-4c18-95d1-adae59691f18] wake done claimMs=7.5 preloadMs=17.62 handlerMs=0 httpMs=0 httpCount=0 totalMs=69.47"}
{"level":30,"time":1791051770769,"msg":"[/e2e/bench-update-heavy-86717f64-d001-4c18-95d1-adae59691f18] wake received (epoch=3)"}
{"level":30,"time":1791051770784,"msg":"[/e2e/bench-update-heavy-86717f64-d001-4c18-95d1-adae59691f18] [sandbox] entity=/e2e/bench-update-heavy-86717f64-d001-4c18-95d1-adae59691f18 requested=(none) resolved=unrestricted cwd=/home/user/workspace/electric-snapshot-upstream/packages/agents-runtime"}
{"level":30,"time":1791051770785,"msg":"[/e2e/bench-update-heavy-86717f64-d001-4c18-95d1-adae59691f18] invoking handler wakeType=inbox wakeOffset=0000000000000000_0000000000080865 ackOffset=0000000000000000_0000000000080865 events=1 payloadType=object firstWake=false"}
{"level":30,"time":1791051770785,"msg":"[/e2e/bench-update-heavy-86717f64-d001-4c18-95d1-adae59691f18] handler returned"}
{"level":30,"time":1791051770818,"msg":"[/e2e/bench-update-heavy-86717f64-d001-4c18-95d1-adae59691f18] done acking /e2e/bench-update-heavy-86717f64-d001-4c18-95d1-adae59691f18/main at 0000000000000000_0000000000082016"}
{"level":30,"time":1791051770831,"msg":"[/e2e/bench-update-heavy-86717f64-d001-4c18-95d1-adae59691f18] wake done claimMs=6.87 preloadMs=13.52 handlerMs=0.84 httpMs=0 httpCount=0 totalMs=61.57"}
{"kind":"chronicle-process-wake-benchmark-sample","schemaVersion":1,"scenario":"update-heavy","mode":"replay","phase":"snapshot-first","phaseOrder":"snapshot-checkpointed-inputs,replay","sampleIndex":1,"warmup":false,"status":"passed","entityUrl":"/e2e/bench-update-heavy-86717f64-d001-4c18-95d1-adae59691f18","sourceHash":"c3f0251279651a347c7d6544421bcc58caa7ab13b07956188b163e7d490f6392","sourceHashScope":"normalized deterministic semantic input and state-update events; excludes server-added envelope fields, offsets, and timestamps and is not an exact wire-history hash","sourceEventCount":502,"activation":{"scope":"after claimHeaders resolution at wake-received logging through successful done:true callback completion; includes snapshot lookup, recovery, handler writes, and ack; excludes trigger append and semantic validation","startedAtUnixMs":1791051770736,"totalMs":61.57,"claimMs":6.87,"preloadMs":13.52,"handlerMs":0.84},"snapshot":{"lookup":"not-requested","imageBytes":null,"cut":null,"publication":null},"recovery":{"contract":"bounded-checkpoint-v1","checkpointHit":false,"incarnation":null,"checkpointSourceCut":null,"stateCut":null,"processedThrough":null,"processedSeq":null,"suffixStartOffset":null,"sourceReads":[{"offset":"-1","nextOffset":"0000000000000000_0000000000080865","incarnation":null},{"offset":"0000000000000000_0000000000080865","nextOffset":"0000000000000000_0000000000081805","incarnation":"ae98a1e04dcd0eda45a0e66d521168cb"},{"offset":"0000000000000000_0000000000081805","nextOffset":"0000000000000000_0000000000082016","incarnation":"ae98a1e04dcd0eda45a0e66d521168cb"},{"offset":"0000000000000000_0000000000082016","nextOffset":null,"incarnation":"ae98a1e04dcd0eda45a0e66d521168cb"}],"fallbackReason":null},"traffic":{"scope":"single-counted source-gate request/response bodies admitted from before trigger append or held-webhook release through wake metrics; excludes callback-gate traffic and direct validation reads","total":{"requests":8,"requestBytes":1563,"responseBytes":82532},"snapshotLookup":{"requests":0,"requestBytes":0,"responseBytes":0},"snapshotPublication":{"requests":0,"requestBytes":0,"responseBytes":0},"fullReplay":{"requests":1,"requestBytes":0,"responseBytes":81372},"suffix":{"requests":0,"requestBytes":0,"responseBytes":0},"other":{"requests":7,"requestBytes":1563,"responseBytes":1160}},"resources":{"scope":"combined runtime handler, embedded agents-server, test and source-gate instrumentation Node process","cpuUserMicros":45032,"cpuSystemMicros":6764,"heapBeforeBytes":112218304,"heapAfterBytes":119303480,"peakHeapBytes":119303480,"rssBeforeBytes":427859968,"rssAfterBytes":428130304,"peakRssBytes":428130304,"samplingIntervalMs":2},"offsets":{"inputHead":"0000000000000000_0000000000082016","finalHead":"0000000000000000_0000000000082016","acked":"0000000000000000_0000000000082016"},"leaseState":{"phase":"idle","holder":"0","leaseUntilNs":"0"},"assertions":{"state":true,"hydratedState":true,"rawInputs":true,"persistedOutput":true,"exactPersistedOutputs":true,"activationCount":true,"ack":true,"release":true,"signal":null,"cancellation":null,"noPrefixReads":null},"validationTimed":false}
 ✓ test/chronicle-process-wake-benchmark.test.ts (1 test) 35933ms
   ✓ real processWake cold activation benchmark > records fixed-history paired-mode samples  5935ms

 Test Files  1 passed (1)
      Tests  1 passed (1)
   Start at  18:22:42
   Duration  37.88s (transform 1.47s, setup 0ms, collect 1.69s, tests 35.93s, environment 0ms, prepare 84ms)

JUNIT report written to /home/user/workspace/electric-snapshot-upstream/packages/agents-runtime/junit/test-report.junit.xml

(node:555960) ExperimentalWarning: localStorage is not available because --localstorage-file was not provided.
(Use `node --trace-warnings ...` to show where the warning was created)
